[INFO]Uncle from Another World hat keine neuen Folgen verfügbar
[18:13:57] Prüfe Engage Kiss auf updates
[INFO]Engage Kiss hat keine neuen Folgen verfügbar
[18:13:58] Prüfe Black Summoner auf updates
[INFO]Black Summoner hat keine neuen Folgen verfügbar
[18:13:58] Prüfe Extreme Hearts auf updates
[INFO]Extreme Hearts hat keine neuen Folgen verfügbar
[18:13:59] Prüfe The Maid I Hired Recently Is Mysterious auf updates
[INFO]The Maid I Hired Recently Is Mysterious hat keine neuen Folgen verfügbar
Schlafe 600 Sekunden
[18:24:00] Prüfe Detektiv Conan: Das Scharlachrote Alibi auf updates
[INFO]Detektiv Conan: Das Scharlachrote Alibi hat keine neuen Folgen verfügbar
[18:24:02] Prüfe Pandora Hearts auf updates
[INFO]Pandora Hearts hat keine neuen Folgen verfügbar
[18:24:04] Prüfe Waiting in the Summer auf updates
[INFO]Waiting in the Summer hat keine neuen Folgen verfügbar
[18:24:05] Prüfe Ranma 1/2: Nihao My Concubine auf updates
[INFO]Ranma 1/2: Nihao My Concubine hat keine neuen Folgen verfügbar
[18:24:06] Prüfe Legend of the Galactic Heroes: Die Neue These auf updates
[INFO]Legend of the Galactic Heroes: Die Neue These hat keine neuen Folgen verfügbar
[18:24:08] Prüfe Crest of the Stars auf updates
[INFO]Crest of the Stars hat keine neuen Folgen verfügbar
[18:24:08] Prüfe Blood Lad Ex auf updates
[INFO]Blood Lad Ex hat keine neuen Folgen verfügbar
[18:24:09] Prüfe Banner of the Stars auf updates
[INFO]Banner of the Stars hat keine neuen Folgen verfügbar
[18:24:10] Prüfe Banner of the Stars II auf updates
[INFO]Banner of the Stars II hat keine neuen Folgen verfügbar
[18:24:11] Prüfe Seikai no Senki III (星界の戦旗III) auf updates
[INFO]Seikai no Senki III (星界の戦旗III) hat keine neuen Folgen verfügbar
[18:24:12] Prüfe Hyouka (氷菓) auf updates
[INFO]Hyouka (氷菓) hat keine neuen Folgen verfügbar
[18:24:14] Prüfe Trinity Seven: Heavens Library & Crimson Lord auf updates
[INFO]Trinity Seven: Heavens Library & Crimson Lord hat keine neuen Folgen verfügbar
[18:24:15] Prüfe Gosick auf updates
[INFO]Gosick hat keine neuen Folgen verfügbar
[18:24:16] Prüfe Inu x Boku Secret Service auf updates
[INFO]Inu x Boku Secret Service hat keine neuen Folgen verfügbar
[18:24:18] Prüfe Mobile Suit Gundam Seed auf updates
[INFO]Mobile Suit Gundam Seed hat keine neuen Folgen verfügbar
[18:24:21] Prüfe Shiki auf updates
[INFO] Shikihat fehlende Episode(n)
[DOWNLOAD] Lade fehlende Episode 5 von Shiki
{'code': 'error', 'message': ['noadblock']}
Need to solve a captcha
Getting captcha images
Got captcha images
Calculating correct captcha
Percentage img 0: 76.66377314814814
Percentage img 1: 303.41435185185185
Percentage img 2: 76.5625
Percentage img 3: 76.60590277777777
Percentage img 4: 76.70717592592592
Correct captcha: Image Nr. 2 with a confidence of 303.41435185185185
Checking if captcha is correct
{"code":"success","message":"Success","info":"downloads","reflink":{"uploaded":"aHR0cDovL3VsLnRvL3JlZi8xNjQ0MDIwMQ==","shareonline":"aHR0cHM6Ly93d3cuc2hhcmUtb25saW5lLmJpei9hZmZpbGlhdGUvY1ZsdWFqQk1MMHR6UmpocVNWZFFUMjgzV2tGT1NHaFhZMUU5UFE=","stream":"c4ca4238a0b923820dcc509a6f75849b"},"content":[{"links":[{"link":"DpU7IhXdQZRJ7RMfTR819TzFBJhcJkghwraxMWB00bSjjhhYNl0cFr8QJkL5YW92cuS6eP4WCAraU2Sum5I02gpI8ew.cydR3Zvtpkn.npc5gZl.gYNRtIaOSeyGDqkOXAhUVFhSvAqpZSeYGcwP7pYHbSs8aZvIgaNKu1Ln5xTTSFz6juKlkoeyl6e7FZZGeQLB00bSQF0L2QL3imWuDqEc4KPbGB00bS9G2UxxJR1vB5barUjgAbZHa.B00bSLfieZteR7zdPze7kGSxzpj1gh5NKYABkx5N8GJAil7wSXQFsEeKHjvlVqCPU-"}],"hoster":"uploaded","hoster_name":"Uploaded.net","count":1,"cnl":{"jk":"7677364f61557153a5306d3665537343","crypted":"Cz2ZSMkizQt2Wo9xyVuOBVbMWpyWUcgnqxGp6mU6KgtxvYpFQ4ILr2gxonZOthzF\/ZIHkNr12B9hg5Sk0TR5Wy6wk4Iik4Qul0ZcpE9l9JVOGvqvX60zpV4GhcFyN4pexssRjGajopzG4xDLuI8YFA=="}},{"links":[{"link":"tAU3hSuf4jm9Nolc9fzYCujnavkB00bS1VSu4JSa8GEYTl0fuPxKSfu7nAIANqjHkbgUgUpfSrlZiZSZnzqNVduNb7zqrpgRPAHyz15fPnkVVQvLkCjSm7xXJTZSqusKK94HvxAiRwthjXXJjr2MF426ZtvT1xEhjolNOwiwV0VKlhHwr81UZ5XuaAflNxEWOn.dgFMTj4VLCwwih7k46Vuytpc4.TIafVxrfzWUJ.y0hAdbZt2woyoiqX7RtCSGHW1NsBYNB00bSSjwzUw3wOry3obNM623wzLRB9kAYfBsadyp4TI-"}],"hoster":"ddownload","hoster_name":"ddownload.com","count":1,"cnl":{"jk":"7450676d6d433437956e357874663342","crypted":"35yoBKpjd+wdT7C80yPwpWot+K14pBEybT7HJOHnPN7VQoOwvsIjof4cONNI2Po8Zf\/jzeIkOcumrJP3ae4MYowI2QgzXOMeuirOV\/yJ91V9ijPH4kmd7kmi4cMyU\/m3LT1FYCRhGsdV79\/w2Wdpdw=="}},{"links":[{"link":"oGJFteE9FYtEqTsB00bS82ZFzKl4iaUk0psx.iwQf9yx8xhbgOFLc0wkw14q8jVvQzJm5TRz4bYL3cuvQtfGD7g57cB00bSyHc3ZjF1Ay5cPEAvYxBi3oQNhN0VoutD1Z0lmn6NPB00bSJ5vLZ6lkTkXnmOnpOwNuNWsoeKF1lnOY5Tx9KwT67epBmkYhArnKKZ9u09X5O25wH31O24eOPSkUFwi5r8kXITuAa7GNXAv3FNiXGzLsPkUM2wGVTjsQSMKpp8AB00bSzIBOFfH3NSQQKaaqBr7yTQU6zXFhNOkMmhG23KMn1Q6YpdVlFRDH0NsW4xNbkgOELYYQ5pnefy2eyxnlNlQpk0xzg--"}],"hoster":"rapidgator","hoster_name":"Rapidgator.net","count":1,"cnl":{"jk":"6f64453779396474156c413739614e50","crypted":"oKFR5w2Yt0OY1pXU+7msZke51RNpZ7nUeiVTbX5hcGyOn+89a6lJU5Gh43YUzDSY7J123EFueKDcCw2ANA90rSHJWwHqq1dc6QhKv0V6LHOVSuKuQIHhjj2HawXKwq9jgHc\/BEyFEnuo8WkZxVthgbjlDjbxm46iXjMXarrmw1FhYWpm8x8yobyr\/Bn98EC\/"}}]}
Error:
<class 'UnicodeDecodeError'> anibot.py 684
[ERROR] Fehler beim hinzufügen von Episode 5 von Shiki, wird im nächsten Durchlauf erneut versucht. Ist JDownloader gestartet?
[DOWNLOAD] Lade fehlende Episode 6 von Shiki
{'code': 'error', 'message': ['noadblock']}
Need to solve a captcha
Getting captcha images
Got captcha images
Calculating correct captcha
Percentage img 0: 298.6111111111111
Percentage img 1: 75.56423611111111
Percentage img 2: 75.73784722222223
Percentage img 3: 75.69444444444444
Percentage img 4: 75.78125
Correct captcha: Image Nr. 1 with a confidence of 298.6111111111111
Checking if captcha is correct
{"code":"success","message":"Success","info":"downloads","reflink":{"uploaded":"aHR0cDovL3VsLnRvL3JlZi8xNjQ0MDIwMQ==","shareonline":"aHR0cHM6Ly93d3cuc2hhcmUtb25saW5lLmJpei9hZmZpbGlhdGUvY1ZsdWFqQk1MMHR6UmpocVNWZFFUMjgzV2tGT1NHaFhZMUU5UFE=","stream":"c4ca4238a0b923820dcc509a6f75849b"},"content":[{"links":[{"link":"F1CefL2ef4UwB00bS3.0LyuCvHskhvposBRFEsobFaAn9sn3UYPTZVHb.lbp4qYopa9mc6R7hFMt6B00bSxFGCZERnB00bSBCP8VdfnmCs6Cbi8UnI.q2gb24kET4TKRTsdvdvwMf0Xj90Ogc7oiK4ysSU0RNhFZcuB00bShQiB00bSV7f7HFXy6F2NozLeD1XuRB0PhCYX8L531tPpCTe.CCiFWiUqR8yyFgQ.3gaB3xX55HLDe2ZbU4.4ND.H3wpaUgXFDAZLZvURN3zKOiG.Oxuyn8KLfpO2DB00bSqJ0d.VGopB00bSNlRqfDxJcDZjl5hQ-"}],"hoster":"uploaded","hoster_name":"Uploaded.net","count":1,"cnl":{"jk":"66414444475a6177456a7a31616b4963","crypted":"mxsiYd2Jrvm3LLzxHBWd3pBgUnOgQUGmDuKLa4ztp3iV7IU3lajxQzsZww3UQcIsApTyiiSXTr6rdj\/s9ha9apvp5UvIYiagrMBwU7q\/cOJpt1s4GeKa34sHu0msau7VWZjB7eRS6u1bXikw+hRfoQ=="}},{"links":[{"link":"YWqB00bSZ4ZsYDri9U2Ry7CiTbilXgKB00bSbNzKbJPoWQ9UTSerxYeEIUQjvEafUKkUKmhJcfZsBLheYczarRvgpKnUucbnSIgG9sscFma7Tpj5sdWtOB00bSD7Ev9OwwvrtV2y8pn9jBO9ddzAmUAH6B00bSu3ttBtlx0ZM1a841mVLDGcQcUzEmQ6We1SFdlkgwRYMSPkfq2SffkATIHzRumNv63vTWRkawwILSfZVzbRK2laEEuowCMkUgNlojhrysMYz7rZxBxBU4g.1zBlu6KGrrmuSIVn8NR7qKC8VOB00bS0HKeJ0oqZJJ8-"}],"hoster":"ddownload","hoster_name":"ddownload.com","count":1,"cnl":{"jk":"516233554a6c77653a355a5a4d4b6a37","crypted":"M5ajPmtnf06KXNYZzSo4QOXHNlJzOgUIV\/KNECiMpRNitE\/9fxZnhO7n+t3XOOIQ\/F8yM\/Xn+fPhRZw1WymicGR3GcQlXg55pBlSiqaCeEZrOtm4+0y1Ehv8yB2Z933Kwbk4Xzbw2EPstgJOltleSQ=="}},{"links":[{"link":"5k04dSDLTel4ExpyOYe03PMzz64PWq4SBKlqbcwMkp8G372atiag7Pp7r7bp7Cu7s2IdfDJX.cu9aAC1lbFngsEqfdjKfBmMaAVQV4w87YRNfju.1qjZZ50AHGzkbSkcNswdubaobBGD5C0PPRoFnB00bSMnUDB00bSEfqBvl.JfkiBE77gQarwOuWqg8OHlsIPbQwKsgrPWqKB00bS6oD.lJqTwyv6Gz09YwVcf8ZklQ7B00bSLKoyF59Ti2pfawnEBFkk1USJ58KQlXiCIR0DJJ.X3Ngd4D8bn9.frqIyuKVSKXpi.cCRFSaNHBaN18rZ4fUcZ4KTWFdrvbbdSMgCS2Sh5b.Y.ce.UvQ--"}],"hoster":"rapidgator","hoster_name":"Rapidgator.net","count":1,"cnl":{"jk":"5361373277536a7748396e6a4f723639","crypted":"lDShRMTSvdzJFNHfB0\/M5MS0okOJWpCN3\/62408HIqif8i2TL+2i0A7RBLzUigKK8mNrxaNrrYHp6Tlj+NVThhdpsO5dWn3roMAmHhuYjr6gYxDdt56O81PRox1ZD9gvn88+YbMPfd1RsMRDuGBvbyxiaK4LgLgVaeN3JVEcfapUg+BlzQKtGzICAIAFjTGa"}}]}
Error:
<class 'UnicodeDecodeError'> anibot.py 684
[ERROR] Fehler beim hinzufügen von Episode 6 von Shiki, wird im nächsten Durchlauf erneut versucht. Ist JDownloader gestartet?
[INFO]Shiki hat keine neuen Folgen verfügbar
[18:25:03] Prüfe Paprika auf updates
[INFO]Paprika hat keine neuen Folgen verfügbar
[18:25:04] Prüfe Trinity Seven: Eternity Library & Alchemic Girl auf updates
[INFO]Trinity Seven: Eternity Library & Alchemic Girl hat keine neuen Folgen verfügbar
[18:25:04] Prüfe Trinity Seven: Nanatsu no Taizai to Nana Madoushi (トリニティセブン 七つの大罪と七魔道士) auf updates
[INFO]Trinity Seven: Nanatsu no Taizai to Nana Madoushi (トリニティセブン 七つの大罪と七魔道士) hat keine neuen Folgen verfügbar
[18:25:05] Prüfe Saga of Tanya the Evil: Kriegslagebericht auf updates
[INFO]Saga of Tanya the Evil: Kriegslagebericht hat keine neuen Folgen verfügbar
[18:25:06] Prüfe Saga of Tanya the Evil: The Movie auf updates
[INFO]Saga of Tanya the Evil: The Movie hat keine neuen Folgen verfügbar
[18:25:06] Prüfe Parasite Dolls auf updates
[INFO]Parasite Dolls hat keine neuen Folgen verfügbar
[18:25:07] Prüfe Bubblegum Crisis: Die Cyberpunk Saga auf updates
[INFO]Bubblegum Crisis: Die Cyberpunk Saga hat keine neuen Folgen verfügbar
[18:25:08] Prüfe Unbreakable Machine-Doll auf updates
[INFO]Unbreakable Machine-Doll hat keine neuen Folgen verfügbar
[18:25:09] Prüfe Der Graf von Monte Christo: Gankutsuou auf updates
[INFO]Der Graf von Monte Christo: Gankutsuou hat keine neuen Folgen verfügbar
[18:25:14] Prüfe Attack on Titan auf updates
[INFO]Attack on Titan hat keine neuen Folgen verfügbar
[18:25:20] Prüfe Mobile Suit Gundam SEED Destiny auf updates
[INFO]Mobile Suit Gundam SEED Destiny hat keine neuen Folgen verfügbar
[18:25:24] Prüfe Shakugan no Shana auf updates
[INFO]Shakugan no Shana hat keine neuen Folgen verfügbar
[18:25:26] Prüfe My Dress-Up Darling auf updates
[INFO]My Dress-Up Darling hat keine neuen Folgen verfügbar
[18:25:27] Prüfe Orient auf updates
[INFO]Orient hat keine neuen Folgen verfügbar
[18:25:28] Prüfe In the Land of Leadale auf updates
[INFO]In the Land of Leadale hat keine neuen Folgen verfügbar
[18:25:29] Prüfe Demon Slayer: Kimetsu no Yaiba - The Movie: Mugen Train auf updates
[INFO]Demon Slayer: Kimetsu no Yaiba - The Movie: Mugen Train hat keine neuen Folgen verfügbar
[18:25:30] Prüfe Demon Slayer: Kimetsu no Yaiba - Entertainment District Arc auf updates
[INFO]Demon Slayer: Kimetsu no Yaiba - Entertainment District Arc hat keine neuen Folgen verfügbar
[18:25:31] Prüfe Demon Slayer: Kimetsu no Yaiba - Mugen Train Arc auf updates
[INFO]Demon Slayer: Kimetsu no Yaiba - Mugen Train Arc hat keine neuen Folgen verfügbar
[18:25:32] Prüfe Der stärkste Held mit dem Mal der Schwäche auf updates
[INFO] Der stärkste Held mit dem Mal der Schwächehat fehlende Episode(n)
[DOWNLOAD] Lade fehlende Episode 1 von Der stärkste Held mit dem Mal der Schwäche
{'code': 'error', 'message': ['noadblock']}
Need to solve a captcha
Getting captcha images
Got captcha images
Calculating correct captcha
Percentage img 0: 81.61168981481481
Percentage img 1: 81.39467592592592
Percentage img 2: 322.8877314814814
Percentage img 3: 81.66956018518518
Percentage img 4: 81.68402777777779
Correct captcha: Image Nr. 3 with a confidence of 322.8877314814814
Checking if captcha is correct
{"code":"success","message":"Success","info":"downloads","reflink":{"uploaded":"aHR0cDovL3VsLnRvL3JlZi8xNjQ0MDIwMQ==","shareonline":"aHR0cHM6Ly93d3cuc2hhcmUtb25saW5lLmJpei9hZmZpbGlhdGUvY1ZsdWFqQk1MMHR6UmpocVNWZFFUMjgzV2tGT1NHaFhZMUU5UFE=","stream":"4c67b1774f0a6f4483626d1a6830fadd"},"content":[{"links":[{"link":"7Ud2XYOknBti3wfK9qfD7OqNEejfIvrKKNLFBJZO7r0TNxZyb2YW7oStc.xY6L3wnBEPQrSB00bSaJ.EFK.B00bSfoRqvYei5m7cMvyF2Kl283TLz7ZNM4b3XgDTBkzkQ4wHUeiTB00bS2Ov9XcuWHhce0pBtTjwOodS.yR2hu34MivhJdBIB00bSvS6WvwCvxUCgA82QbQ1.reCPCBqVCYM4lIAUiLZfIR1abq5UJWsLRtIlL48fwYoxQmvojBC.xAIuqzLK6XUgGbf0mVedClHc0E9nmW2uApbORl4lJXJx.rpW7KwwvIIVcrpKKAeAQ1jSijL61nSna3iAZiDCchvnOpt7guTiyr1B7CdbPnY9es5DzFbI.iA0SJa4mcRfgsGTaQ7i1OgXrZa","part":"1"},{"link":"w.ks.TDjHAKTqvirT3szury7i9dmLiSEt2i8H88fafcm8eREJFYgM6G6GqJgQYuQ6ZLrWBg.v7EXhchxE1MvlMHpgrtrYp6mja2U3MQuAxCbbCpOqLaB00bS4cfQSNVijkAyeMaxQfRTpxLB00bSzcqGlO910vHHoslZwWTpzN9LhRsxpP8uylxYcaVLq6QoaQvlBLCM7SvOdaUewCUJCF725YYgWe5EPTNIXajQqAJ2YPDiph3D04hqF7bN4Hntq7sPCscCKNwo6AQZevKAPEn8jS3A9UoAHbPLMsreOVf.8R7.Uev8VFyo2ApCI5ZcB00bS4jGDcvwJh0VdjYMCQUiipsasZKGemPYE00RVWIW26Zf942xUQpmFkIteEB00bSJ0q1s6dhqB00bSr7x","part":"2"}],"hoster":"uploaded","hoster_name":"Uploaded.net","count":1,"cnl":{"jk":"5377746949374a346b5245454136344e","crypted":"gRwwVXHtpaVhjWd5MAQRRRnO81yWPfm5xo2qOnZ44ruwxE0v1Omcff5xn2kFvuhyX9was6R7Sxcd+efSSF5vl8USz+CMDe9A8IibN\/Nfs58sCS9vQJylRG0HVSMk9Dr4gqVIbgBQ+H3XX1owukKjLfvC9DAdzT2hihQ7zQ5oOWqvzPnmeroMKjHCk4Rrg\/FqsPTU3wluqFX5eIgRX\/oYahYnkZwkjchHw27rheHjqJ4\/UuQQsYvO8N4pWCWKJjtvQthZwq9NR6v2VW9Ybh\/Rxy3gA4+5Q4SGLSusdnHYOFojo3RTh8XcG1PKuwCO+8MWCmOqiGXOD85hVacz19OI+J1sAy\/SGZW3wfU4FYpvnXqxDPGS1YwttBgbgIFiYGmEzH6KPeMbVf5bJamyar9coA=="}},{"links":[{"link":"SC25TJ7MuNPOBknB00bSewCXBOpMZjcj2wtT3kNhjRou3ij2kV8Kf0wVOqkqZH7rdoXX5WQRTBm336wleosmtm3dWbB0vR9cmjVhTvp6LJyB00bS9FFp50KjyLbKSkB00bSxN4akeNTUY6z6M7prkLNNzDYUPttmjVmFPODiwSonZ20iNB00bSldDoJp6i4NxCnB00bSoHV2ikZnNcG10WhD9CB00bS6b6FBKBwAquLLGcO9tRjpfJ.wqc6CHUV22x7p0DJOZN1PI8Sn6qrfIXdxi4HyDwNBLAR9Gy8u8pDB00bSeDUz7xsLoZPVXIdeZXkNMrjD.ko1Z7qLnOsn.A7hjhNk.l0B00bSwRHrLe35HYlUpxgTtmvzrmRoURIuB0gPnREWrEv2eKEmWPGi9WRNnkqGlVb3","part":"1"},{"link":"xo4wyXsAqV6VDjj0SJQ7fVFqe1QUX03jpdgLhIr.MCqcMQQ9dGuGIKHWtbOfd17RAx4DQzhh6q.1rdjqAVuuXl3WOKDrrzpMuYSKCvy9Fr1wldIceSU2CSi70930XN4fo4WmmSp8rPR7gu2ev8MB00bS.rRMVAbaH4z3crof.ptlpa7SwmB00bSJv93LVX5RB34DUjv6B00bSRsAHtG2ZB00bSMNeFpjokPsLTF.bB00bSEH.SUXiXpUcmfqlKRg0dF1f21cW2gJOhncuhRYhooUB00bSV83IqTBdynaB00bSxpc1jqGGBnaKRrR.0OfX0x5IHP4FfV.kB00bSpga3u6uMuUBLivf1jz0rP1B3YooXbhUTyaV9m6earcpqZjUaciMrF.o1mglOhgvsy8PMAOb51YePCe","part":"2"}],"hoster":"ddownload","hoster_name":"ddownload.com","count":1,"cnl":{"jk":"49446544544a75578a7772514a536270","crypted":"T6jGXsgXNN4BtBWQfE+yVkss8kGFJQ6E8QzwUutJR3t8ZrLJl5\/rweiHQghSGqk1KyuagDA0qzbcWLB4ubFhPe3V893XIWq1rcUBfzFpJ2G4VsC7NBE87lfW3l\/sUdrsq4uQdl7EGb2kpPYV1rXk61K5q4obZrxbMoJmgq46tqZMcBdbC\/b1VGnSXdtf\/zOMPFTDS9TRA29tRS6+3FWxds2PE6xCRm\/\/BgXB2A+PnKXKy9JhXG0AZcxIrMXT4S6lgKe7gurrOqLUvWWGzryQKp1nAmKV6gIxArQVxRHl8xLD1AiRKSiJnSSaSDjjyZ7I5N771puibbcoxISxbcyhzSXklZS1o7xG5SLQzOF7Yc3fwOqYTO9XNK+s+vT1M\/Ab\/RD49AI2+GdNSNUEq4vGdg=="}},{"links":[{"link":"GOvDUVozuLB00bSq6qmB00bSXPsXnOyy9Xb1vFuoEGGOXkvrYfUntbP.gBc8VZq.faWQYO27B00bSPG6BtoNOQzOtIFeSKihyN97xfSKQPiu7PR6uW3tk3Kt9KvB00bSwXaSk7YiqKq997BSXFl7VcwHB00bSgwSQTU0kXoPuwHB818kQgB00bSM28SJErSamsZAWjPAPybEB00bSLbYtGNw51Yv8O0BNoPq3uySl2kT5p64GXxSFND7cQdB0P9faLb9HNzMcrcpIGncB4RRKpPbB00bSXer9Kk3R6tUjaFqRmIjjvIXKhb8r5Viuu2Xw9N52ev1zpT1B8nIEjSUSoSF6G7.YX1.w9pUfk9WL3j41B00bSdzb0l.MJYYqWZyMMleB00bSBfznAUkKSkiCHGiAHk9RKel9Oxk65ODVg89WVPOdIWNo.aLiGOUw2NyljL8xpdTpgRW9GWGTws-","part":"1"},{"link":"WcajzeG1osCOopoBvhDpM.wcsVfEL8FUomsrLOoArLgVTWzhwBLuWLYcB00bS4Kihg1BQl.D5pWXcAFFrL76XLhFJLUXMwfOKjqYUVPPgtSQnsdt3zsrmc.QN5U1Aw0nGuhxdFjv3T4SWSwk1TRcvZcHTI4C1JHofjrJFgWXums9OVHBDE5Ku5g7I.UPWChzB00bSEYzqFSoFKIknVofdUl9MB00bSWBwjdiihW4af96Zle0SEZVzwGeG3rhCNwJCNZTqGRYQxGlXywbqhvAXol3ZvWBCN83IEY3LTgaf8tafQvTnAD6HwtkzNIFBuCfRWUkm8PDL8RvlHHZeE0q6TQfbf9WId4uQwS54AlyxDQDe6ThU2v09LyOB00bS587mMdacZsEgf1U6bBeyGBBDM4131rB00bSSFuT0.Ls8G5wA9kqpxXctB00bSU8a416aZ4-","part":"2"}],"hoster":"rapidgator","hoster_name":"Rapidgator.net","count":1,"cnl":{"jk":"474634713030626594727864666c6655","crypted":"E6uZ\/gxZyAhhrSXFFuhCaBqhOFnU4I6chYyUPgT8VclmTXLcOmxVVZ+prrZrPuieq98+b+QGkv9pjXcGpcJampYdbaSWwbTF5qKPkJ6U\/oRw28qB2UqbWs1yvALsYi+dK6Rh6\/Z7ebsooktxGc3ybuv+dUVJpI\/2+lIyN332d3rXiY+IjChYln9xZkZndqCUoy+znOlsh5VoHt8YGbxdfxeq8+dpYh\/VRMwF2Ni0ktQ+ljpaOKFJDJAqwXQM7yZ9tdyf3FaMNHu7SIo4LjgIQJXCwaJeZ0y9MPpP0v0n\/wI9uxoZDsoxOanvrzffOfFEU9t0CppzL6TD25\/8g5uYG4UK3hVZK8pyIH2Q0MDnL4GHpG1MdY9qT1w0FYeccggC9riWP55mwqHzFOyngb+j+TaOInxmClsUFhj+k7mSoTxA2pr0k\/SpOq\/qor7uas8g9R5Phw6X0TsRFMFtQsYZGKPsH5ijfpD\/MCwWM+VR+Sk="}}]}
Error:
<class 'UnicodeDecodeError'> anibot.py 684
[ERROR] Fehler beim hinzufügen von Episode 1 von Der stärkste Held mit dem Mal der Schwäche, wird im nächsten Durchlauf erneut versucht. Ist JDownloader gestartet?
[DOWNLOAD] Lade fehlende Episode 2 von Der stärkste Held mit dem Mal der Schwäche
{'code': 'error', 'message': ['noadblock']}
Need to solve a captcha
Getting captcha images
Got captcha images
Calculating correct captcha
Percentage img 0: 52.33333333333333
Percentage img 1: 52.33333333333333
Percentage img 2: 199.2222222222222
Percentage img 3: 51.888888888888886
Percentage img 4: 52.44444444444444
Correct captcha: Image Nr. 3 with a confidence of 199.2222222222222
Checking if captcha is correct
{"code":"success","message":"Success","info":"downloads","reflink":{"uploaded":"aHR0cDovL3VsLnRvL3JlZi8xNjQ0MDIwMQ==","shareonline":"aHR0cHM6Ly93d3cuc2hhcmUtb25saW5lLmJpei9hZmZpbGlhdGUvY1ZsdWFqQk1MMHR6UmpocVNWZFFUMjgzV2tGT1NHaFhZMUU5UFE=","stream":"4c67b1774f0a6f4483626d1a6830fadd"},"content":[{"links":[{"link":"HNAh8LAdcLKbWE2F9UYj.0dY834NKe8HgdBnGMXqvVr0ZWbCkE0yz0uP1k63E34rK9rdngd1iQ.xDJYnn14iOV1ZEkt68PcAdOLEdcIHf6r0ZVPRSiDatgR2jKqgNNeho7lxQ70cRVSB00bSSsRtP8ETD.uBJf9atjhDTSBVRiefkVHNnoiLadDS5oYToxogUOLiV6vroC8DGRgB2jOhNlbQNzngSmNe8r50xFE.SwzUmrxcECiVqHjwhVzj1f56v5CtNQfYQVcKYdzFdUVtMbs5mY8yLy5xhTAVXdHMrHF9jxWmWFJKM9jmCNYDHFXMXVQc5FIOdMatgNbGijBrQMugB00bSWo..MTOTmjpMjirhMekPfB00bS4oKC1SoNkOdzQ0UW9ztDJ","part":"1"},{"link":"t9ilcuB00bSS6C1VB00bSVDWaVgYGJsAiqdMYxPVvVAY6F1.kHLtNC7GPt1KLZSf.u2z1praGXU4Zty5UO7kCUB00bSCTQe5sMQc0Bw6GfFMUcOTOnGqEX4WHPEHFIJRqlXcH4kIwlSipnqn.dq4ZRnX0dpS0I5V6XmdgbElrp7fKyWgrZu85gsF7dppiUB00bSeynuOPqQS5isyVaRZQ8WlseEMgO.BRfWKD1GBEdPDsMRcGz1JuohIbRsB00bSuxndB00bSMq7bqB00bSQBgNOx9oKX4Oz2yO1l8B6RKuMb8zzBF8aXW.TrUaUnmRoF0nHQr0lj.131kRvmbY0f9YpCQwejd4B00bS1FUjV8CO5IUG6c3cyY0xtOV5QTtYYYV5CSZ9SLEk5oagUYmSolSDYmdqkrhB00bS","part":"2"}],"hoster":"uploaded","hoster_name":"Uploaded.net","count":1,"cnl":{"jk":"786a714532744c353a73396136684c6c","crypted":"mjxVteRMhdio11zrJk983wKUNIviolEXDv4KWwATMWhZHD3n+TTvU7ZQ6J4tx0AFJbQlTgRkbSKG5JyVOPttjfFjPP\/pdDqXMjzpdPjKBaVcQ1K5GpkUKSGgRHu\/fKee78khpYR4L\/QK8qJnh8iIlAzrjP4USslTVAHqYdRZ2QIrGnasD8AeCepis6t\/n2rbV9KQsNOaj+Dqe2JqTiSGja4+fd5dZWlkxZFSYnYlfylXsHQAl\/cpk2Aud3lPQmtvfKg6YkQ8rGK4N8IG4L5akSvas7cXmtqUEjbc56o5Orav1IqmHX5GGrAMfiKV1GOGgP9+Vx57jDAWEwtit83fsVXQrdHVhw7RRFtuRgynWLh2SknCfwepaJUf5poS54C9aA8ND8gPVfmij13lb51EfA=="}},{"links":[{"link":"SNPRrFD1oAw6ALYB00bSshp.EepVjdhNvq2s2bHMNoOxK8goOZRDfjkuC5ZmO.uxEr3SjsFUYjGB00bSfFZi1j4HxQNFZLy9YK35ipPB00bSnALBjN79bhagtVNJt2vV4cXi3Lo7gh8crTUb3LZrgBL2NOgaaWp4hPyPkm1c1kRh38ovXljahWLGmyjxv14OznjRtQdiZlzvY3raiCy1gaVC3iyQ6R2dFR955fev7mfUMXOkjzBQ950SB33GqUaNJdY319zZkPS9ARaeZbI56SLiJ18jUB00bSu8Q0LY9wjus3KBJ.jfyCau0qRvtS0tueBP0Kqe3a.aJXlU1avOf5SBFJ8E9NFrt9zD4lo1Uin32TN74gYO1SZQVSe.MjuMHqFe090FgDrWMeYI","part":"1"},{"link":"HShiuxWMgphwv4uWjexwg3OEmWkudjtdkePiF5lmWZD9NLrBkwQGC3S5JSgJx1WmSNUJ4rBO7sV0mV9cJKppG5wi0cImoUfGJqvCWlJmn4KTghVGWSmpDimEckeoGV0fX6Fsi.WKDJDhRP.62OCi9umm9dnVET8NAtXLHygBUYbVszMB00bSIg1Q7vTdtNwSKlxHa9PryORsJxbZfcKVB00bS9VkgdBNloJww6yXIwlzZXqkbixAgl0kECoaFYKdAq0pxZ1WDzJmPBT6KFttKdM7aOOREjEnQB00bS5oNa9PEul45cZCl06TjmTXJcG8IUuIHl.RLnig0PlpwuZ5isy3Xyl9NdQG2B00bSWGnu4H2gQtelBjvTO0l8iDzhkailTU4NbUSbknarxk","part":"2"}],"hoster":"ddownload","hoster_name":"ddownload.com","count":1,"cnl":{"jk":"4f4b433234396343976b585476584765","crypted":"LXrVdGWqfQxQcyFwvOookGhoofDeP+4BqGIsALAKfdjmssMUy3k\/4H13xcUU9QP0cu26EUYflOmLXB\/Oac1YchMlmV6aelH\/dY+UNUTpkpJuWzTGybd8Va2VBhN9k6JhEOITtjyaf6u1YXyFzqxl16hSYBS+YFnQDJUOe8h+6LWSgO0Jqat5EYUCymr9OohKfMGaxobZACeSrQ73YUiTPCUpQ3IgALppHbqR2nB\/gfiQd++rzI95UEyD4AftglROuvZ+DrIa68\/wMhs4uJs3FNwxEYTJy4deynKFWIuiqRc+uGp0VfzzEj5i6AhFS2RJmXkOjySjVJrJULVIyHQcxkMXwkvONb7D0iU0gmbiU2o3m+a6rWNwl9AzpbIs+dm0oTkee8UFHNKVOb4+l9B1Cw=="}},{"links":[{"link":"Zhd1RC5JeqJnH7MBt1QGVwBJfIVrKEsHYjsAODhTZE8iGpXaam9LSiKruOjehiB00bSsvE5JdXleemIbw7mPk4y.PMfkGMqmrB00bSp3v8w49X0aNAl233HDGcqrhAFimDne.miHMF9fChBsu5A0rabbhwD8pYKJpk2PJyXjMlMx7rB00bSJlI4U0AQwksGs3HkZ1bgy.NVB00bSBJJzL0N4iJ2MoVBjgWL2QpbB00bSY56pBIbbIWRtRs0GMd6w8K8wMHdxuWV7pZ.Rz8a3Jz9GdsEhkx5I4wE5818R8vvXx0EC3Ij6s1WGJHcK9tCztOqXyIKwPBIQlpBjsZfzebFWST6ZENio8szr2Qi181A2MA5WBxYDB00bSwJ1quqUwWAzK.dDT61aGqbc61NgACzBx9i31ddZGLT9nyxWO6xS7ljwkMP9j.3rpLWNJXuzyvY-","part":"1"},{"link":"8uYPsrT11ZB00bS6vreLXB00bShpk3pDICnWCA1YBktBMXg7P203QaKfztFrrCCMviXXw82GLOJFkbm5VpkV0vkQjpBrk7EcTcIqE6jkKD9FjL5SfAERjuzB00bS7qOE1pJhIJhkYZPRSY7PTJB00bSb67LLjep4u6I33lTDL6cSVziB00bSLrCQJraxAPpbDaPeyoR.vioDEfqkEI2Wf6XHIu89IRXE4TkGlMgdb51B5fImXBzgDpYeZi4XPV8fdnp7c2ot3PQKipP12wo1wQNWP6XYLO9xXUoZHF1UooBfbiEEl4LRDiweDIhsQrpR78.GW2jGoS7OgOk0qgEkjPVewbvB00bSAB00bSVUDZDUBJ9a7ugwgrB00bSf98ZAWF9zyaMBTrCPrEHxIJFaI6q7KeidYtgvgB00bSmU4bmpAuXpRzq.WwHfLeaBesrDHll.APGCEgwV9p0-","part":"2"}],"hoster":"rapidgator","hoster_name":"Rapidgator.net","count":1,"cnl":{"jk":"585031426c754336244a764639784d33","crypted":"FlQcCoA+\/WquKK8+MJCdVQi5QHIND8xaFy8mwN2AJNgV2Fde+HYzwYEkUTNxJ7b1dY1q\/sZ3Kq0c+IE6IxQekmmEWQbry6kYQHE9M060jC3v7sqyPE6l0PihaBErAkxb1JHoptKyIZZM1hWRiu5dMv6WObfEnP+jgFQ+3vp\/Hujrh6ssY\/a490e4hwGncMUggAQBPxCgjJN9s+8uDxsRVyfONhc8zjA9VRPHHKMrW+wTc96Bi3fwWnD8pBrxJ+2L3JBB3HyyxYlfzGySJObUMl2wzVwSALbOr4MnXRrg+F\/bMUHYZksF0Gp+jU3GAJ3KaX0GvnO7xmUE\/7Lscb2mZbD\/moAwYTjORPX0Kv4tkutEjCYLJwREXZzLbu9B05tnqKlNc++5rqluAnp41i7rLfvbnAEl+63jSmh4DkZqnd0zeFn71hpAqLQOHeotEgUYnXVBwnt35Ec+j8yRrRH5kAN2kD15dX5tHvaTEicL8Fw="}}]}
Error:
<class 'UnicodeDecodeError'> anibot.py 684
[ERROR] Fehler beim hinzufügen von Episode 2 von Der stärkste Held mit dem Mal der Schwäche, wird im nächsten Durchlauf erneut versucht. Ist JDownloader gestartet?
[DOWNLOAD] Lade fehlende Episode 3 von Der stärkste Held mit dem Mal der Schwäche
{'code': 'error', 'message': ['noadblock']}
Need to solve a captcha
Getting captcha images
Got captcha images
Calculating correct captcha
Percentage img 0: 163.11111111111111
Percentage img 1: 42.888888888888886
Percentage img 2: 43.44444444444444
Percentage img 3: 43.55555555555555
Percentage img 4: 43.44444444444444
Correct captcha: Image Nr. 1 with a confidence of 163.11111111111111
Checking if captcha is correct
{"code":"success","message":"Success","info":"downloads","reflink":{"uploaded":"aHR0cDovL3VsLnRvL3JlZi8xNjQ0MDIwMQ==","shareonline":"aHR0cHM6Ly93d3cuc2hhcmUtb25saW5lLmJpei9hZmZpbGlhdGUvY1ZsdWFqQk1MMHR6UmpocVNWZFFUMjgzV2tGT1NHaFhZMUU5UFE=","stream":"4c67b1774f0a6f4483626d1a6830fadd"},"content":[{"links":[{"link":"mi0pch1M5RYhulFNDU2soLqFhwnK9usgz3G4JvhF81Uy.jiBp3FMOtYkdQ2vzUje9zCC2BxyHBpCZzzprHFk4OKTPy5gE1qqHxjVlmuI.gVZ.IPhKo6QDAxwgx4ATOXa5dcaBWx36XBtB00bStOnj48EUppF.RShA8wWb4UZaE5ckPBLBTzi91i3zLkNnDc0TXFVUN4gpiCop8PQN8AmXJLx3.w.kxG4uL2mPpiPfx9Lh6gyF387kb0976z2DvhIAKj0.cYBjnd1FSj0lpdiiJHV6l0FiMNlPJ9OZmJRvzLkuL97KsfiSy1Nx5aoxhhjegV7BFtXNEn6ZpXbYIIB86h1blafuso67AcKFj14WRaxYE8nE5Gsc.BYRar2tGsa2UbP","part":"1"},{"link":"DWMpiB00bS35.bsO4GgqxQ9qrjpMl6ElQnkh4Olq8aktSLDB00bSDRb1jcKffybChiOMRF0A3azq22.tyKcRZgkfx5GaslGMamyYF5tecITcAOJdremN3edtD8kHn3TctYOqZO8gSaNszJZz5Bjjs3epNTYayxPhKuOhFJ45fPrr1KBUds.6EhGlVjAQsTtC57WpWQ5QoUy.QKUbhnk2dwyI3MB00bS37RAYiCAAVuTFbjbMCsfUJm4zdLFvB00bSmOeRs0Mrwuz2CK.DSTWFL5SxMnmXAjtC1RCM8WJ.KMrt3eVI88HwCGxJNSXOOxP2oYsHMInAFMGtN0TqJerWkkbficYTL9TAQhlFUDrkfNvzrAyIethSB00bSzM9vGT7WB00bSxzypqLmIRWDXCkAcl","part":"2"}],"hoster":"uploaded","hoster_name":"Uploaded.net","count":1,"cnl":{"jk":"4772674b447756564135473767764233","crypted":"GKmld+bbVwV5EL7kXwEfXCqaBWaxvxPnULFFCb9dHxdkDyNRif5nv55qRcqFAAYGY0ik+NX4d9tgMHw0Jm0vHQWsG0Gr9mthSYupNnLp5BywHn3hOdls3SPmcTH1gEekA9yNiyDmKRQ9Er59tWkiKl2yd7twqwheQg5\/5PH7uxY8PWz5j\/CT1vJmw6IsaDZZXDWptPzLdUg7kS\/LcgcMm6qk5lrfm6hVHRiFyztMP\/FS9b+EEYkmDdLHCX+BCNzfXU9Z\/z4f46Hc\/Ped9V50KaN4mGgaiR7jPezn9kk3eEhPpsNMtWkcaKtCH0lny3lbKeumjhTaVG9ynJuj+S2ffCe8e0ghDEqEBCEEh7cs8mZyRxMcYtPmwaSF\/PWs1zTToG8ZVi2ZnHH1E9CdZp4UYA=="}},{"links":[{"link":"i3z9tKOXIkjMW.BFVGJtX9SNiSznbB00bSVNshkGwshTZgRq3wHNhysvzeWa4r0JuRM1WT7j3Y7loP17ur9XFIHXSJthGZARiw8jgjyHq2ZHqL60bn4CLW.9sarQFhCHZQLhxLr5PNB00bSBoymCKd5B00bSoafbnzgq9636j5n.SYSCPVB00bSwvX0ngETzAS7qgjibQImgGFkOevrKIHc2XifRFUFc96V.LmpMn.1QA3vcrY3HPRphlgw1xDB00bSkT72nD.k.gEee1vVXP2K.lCFacLrj1344TQPXB00bSdIePzER8d0pliCqPYqB00bS6dJ5p7iSm5JjarHbbVNUcamnncB00bSaydH8nClt1Yh3HyNvAfdJGm28HWAJz.ZNbmAx3N73PFtF8p6xbUQK8aHJX0jf","part":"1"},{"link":"07uCCGQCpN.SPk9.eVQtaTj7keG8NLeWtq7TnIzvpPesKqJmB00bSs5u48nwgHGZNkgyhcsEK.1bgOYcnBZ0RlykoF2z5TDyXn.zk6Fo4ksvzAe8ISNe8Yjp7H2RpjMqgiwucNefracGXZQ7B00bSnbkmxiY8w2i0QKkmworCQdja0sB00bSb.iw1UihdaxaC1DB00bSSGhB00bSnetB00bS1oZKk4.xZhDQL05rEg8qH37xR6yoqzfWHOlGfcnRoSsNk1aJ0NiyXyHD0DFAtO0skCRsNG5rukoyeVbFCM3B00bSUw1cVswdyPxAAK86SqJVWoUVn62Vi1FcTMpM7FUe5s8NxtKk47wMkOTS2p5xZdQaFlUDdqQwoSEtaosPvB00bSNoxhX6v40KEszgq3jpal.B00bSY9HZ","part":"2"}],"hoster":"ddownload","hoster_name":"ddownload.com","count":1,"cnl":{"jk":"546e6c6d48793575204a54564a36444d","crypted":"3XJrFUj1GbgWm0jZUrF\/nFxbADY3K1dOr8joqNMtAEGqgWoaM0+Tpkbu+cTpb7L15x4qqez09ynf+UtETRImroZL\/bpC5GfAzQ0uP5bnnJVZ2OXWtH6oJMKweHg1qoT95PCLILkZLB6QQ5pvg7a15gXEiATm3ABX2Y4x9MIypkqChaAT5uoD4VQxNpPT9dlwlNi1edv+7b4X3QgTCmWbiCk6fIlimkn5yAAtRVIBs4Lig+AK97eYkmIsiDADvRfOg9n3\/DNRyRmEvJojGa4hO\/\/BB\/IuU6Nl46DNs\/T6ycPIKnWo3jCGZmPNJWWq2uD89pmHJmzq4QFSWM\/AmIHgIDRda1n5nX6mUWFu8Rt0sfHbpyg3FY5YJAw5gNsqbe7VZ7lLG0I3Dqwl3uBnsz\/KLA=="}},{"links":[{"link":"eln27bo5BOAHNM9bqvKcYbF3x0B00bSSB00bSB33qU90RCf6gLnyHbYyNFfjKi8ngu8zML7UME1BpWI.QLTxuW296TZCbJWsIwkI7TtLkrA78xr8HgL1I6bB00bSHKB00bS7eRB00bS3tNrKm6JpPWp6BFg1xRlmv6YtnNfHRYYW6.quAGLSejhxRa989br87DMouZopW6Sk3vbFa7JqiijpwRchvdCQnesSFasuJ1QdV4kGD0M78avIEbw6m7lRLtLgFz8w5yAlT258uE9IrkZmtJGOF1bsO7eVull0YdsVoOxDB00bScqESMXhXZTATxxhzky4B00bS5bKgu1B00bShaYL0SzjHdswZWMm6ANRLhCSlAleEfCt7Fh.e.pJCAkMWuJVKuNFw5HqFi3FB00bSrz0c8k8ZtYu28jG5RVQLQhvW.4Y9FeSmCUd3SbyRFzfI9XvoG05fek-","part":"1"},{"link":"cE85lAneNUtXL9iqLgRrCZOoATqLvNFCUjtYjSE.JwkHQLZyEFhG9cb4e9YoAt671coAgRH22Ygs5.U6UuB00bSIPJi4988uH1rzhXZoEcm8dWg9nUr5XovuUPyaAlx6nyKu0OceKW6UXJsidlnln1R9kreuek7WmdqsTRgUBhiaReTaAalTcMSB00bSW7FNiDysPaF256IbR03Eo7jBodFFJvo752jpD0zlidGW6xiauB00bSVwS0VBdx2h6ygHUjJYB8UJblPB00bS5Wy51jBjLcBZNB00bSqZGf.7diwDG9AqznKxPlRAodscseljsRZivwsk0XSePQJLvyNTjao9ozoJUst7T6f7bcibBmh2yEyJ4oN5JBxTUP0h9D47rWqeNuf8c9wluYvKlb7U0TJX6JU5m4rwk68g5aBy8IIW7K4fGhPssB5gaKyCPZg-","part":"2"}],"hoster":"rapidgator","hoster_name":"Rapidgator.net","count":1,"cnl":{"jk":"70324e4c68733146274c316846466c5a","crypted":"Y5nm8XIQPB9vEsL0S3d5PqqVV1IoLain8yvut8iQHDRXDRvFRCjQt2XOQfoiSkWiua4aoLz3ap5AOokJqTGWdrYxWB0WZXf8xjtorJ5kRUVBNZekIofEhLGA+S9ECHwPIoUuHC3Q08ur1LBSgkwcgmqrIKOmawwYgxqfJ2VWrvn2GzrtEPUFqNXTUcnXVL16Ql4FCYZSu64mPf8hha5oHXTNdCLvfz5yAkQgSfFm80B++4Qw9xuOXqx+m9+i\/e7ifBtK6ncwREg2ShL5FiJABn8USgOWhZJAg2Ijjh7F6fIxFvRSiyFnRqeFITXxDZYWSwuZZLPq3BuMKyEA0JwhErtMq+EdJJTsbcMt3zw\/aBEoJLA9tRHIaEuIoZs7FlCDm4VArt0p5itGkhjv9Wl\/OiB86852g0er2E06Cl4usDnwcnDxP8RQO3LCvB5qbNSDwvNrbX30PmPkKxrfntbTrWLxQT2HUFxEC5nbiXfHtFA="}}]}
Error:
<class 'UnicodeDecodeError'> anibot.py 684
[ERROR] Fehler beim hinzufügen von Episode 3 von Der stärkste Held mit dem Mal der Schwäche, wird im nächsten Durchlauf erneut versucht. Ist JDownloader gestartet?
[DOWNLOAD] Lade fehlende Episode 4 von Der stärkste Held mit dem Mal der Schwäche
{'code': 'error', 'message': ['noadblock']}
Need to solve a captcha
Getting captcha images
Got captcha images
Calculating correct captcha
Percentage img 0: 81.87210648148148
Percentage img 1: 81.82870370370371
Percentage img 2: 323.53877314814815
Percentage img 3: 81.78530092592592
Percentage img 4: 82.0457175925926
Correct captcha: Image Nr. 3 with a confidence of 323.53877314814815
Checking if captcha is correct
{"code":"success","message":"Success","info":"downloads","reflink":{"uploaded":"aHR0cDovL3VsLnRvL3JlZi8xNjQ0MDIwMQ==","shareonline":"aHR0cHM6Ly93d3cuc2hhcmUtb25saW5lLmJpei9hZmZpbGlhdGUvY1ZsdWFqQk1MMHR6UmpocVNWZFFUMjgzV2tGT1NHaFhZMUU5UFE=","stream":"4c67b1774f0a6f4483626d1a6830fadd"},"content":[{"links":[{"link":"riDKhx0ObYu6qeEiMd7BUTQ9oxyQS23Bo5ePuS8kLlXc38n3B00bS6dAp3t6uHEf1FJu4p.c1phRHKwiE2RR2W0tdJEgjY5NipWMtBMtci5IOzLIFCqZNZVSihaLpB00bSS9bBjd.4X.hB00bSkQCbaaPq0mJ3CRnrDaj6d.yGRJ3QB0t8jcMnPl0yQnct8FqhcC1cgvQ9DB.vmZJWc9O0l8Bqd51G.Xtem38a79QQ5yIZ5GsnGu2yn2sa19llCblMyivQjJwMR24Q9ZInQo68J2fuE.IP59JTIGS69N4pmbSfZOnPrQLitF0byyrr8gXhxcEB.DkGEBT0apKBkNl7jSAKhSNfwMYI4IV41UlM.Yu8MhWfhwZNVT9HKGrWQs2VNJP.p.CQAb","part":"1"},{"link":"l400ORMQBrslKuHOeJl9ipB00bSNXVYsUREVKizcmxh6GoyKz8k8JGDy0tHz0z9cbSw4ehMj4pJ6OfkDCz4FzL2sPJiNLlauLcE7UbP393k1FZ1XFJNH0pr.LZw0dTrafGKtiE2uIZ.xFbkF.TW5Bt.fWuMeqBIXYf7RpJRyT3CFAo.u7iHSSTx6OB00bSDO7iiTXMwtl6w0A8uqwyL2CQtnyB00bSZewK8r7GhzsvEwSRRgsMIoxOw7ea4aserrLtjkmZD2QzbwPSJ2T82z9yzFnVxduqOPPkLkaB00bS8rlUXWxcgm89MosXMXy7NEfjrue09h56e13.ThNTRW7mLA0Prb.TBdzPDKCE17vVjL4V0qRa53NZyfT9TuHVs00KNJYPsvH9gop62t","part":"2"}],"hoster":"uploaded","hoster_name":"Uploaded.net","count":1,"cnl":{"jk":"467847546b6a4a46f273584c71564e67","crypted":"HVtN4CPIhZ\/p+sdeI+gojIrTLrWQgipV3sRsVzdSbVOGTJ8l2ZpawglUM0MQetJF+ghYrQASJcq6FETBbVhef8CVymaeZxodgOtEaXkhkeXvmLVtuA7aSvCXCp6Rda2pw4S7Ojw9yGW6r4bM0+eK+13fg8+1YCBxjgQ7sDo8iF9DzIX2WTkWWD7UrrodCIkWnteh8re2kbNnKHeq16\/Rb5gn2s7jvJdXakFMfSpn98bs7mpf7wymhdtLNtuCC0hNxm\/+TBIAnNdot+P\/anshpIE9CNlAlEe\/QdvXfCMZynKtNSu1LxWWEhBBYgtLHAvbbEsTmpPr1sxAeX6hHpEkcKpj+pEkubI0aYgFGcl7CfFsASGq1ND2VkvBp5GgqE4X2uR5OtwJL\/MUAyfbBMvrcQ=="}},{"links":[{"link":"vkQsCOCcbde8jmM0cJnk11l77tZwUdggjuxDqlBM3OJGkSZw0Spnveert9g6mqWkncINQIWTzdbB0vffV96QHzY2qOEb2jyxAyecEvB6h3GsNL.QQJBEHENHg2jDmeaStfuvpD6I4427LSLRycJipPPTNpt4XuKD4rQQNuZnrBSOUp30pdM7zzCIiMX37v5xxB00bSinOEdC3AXbB2EaaUZFHB59fJCc39JNINbv5UGQm7OsDaK9QSZujSP8IPOdAKJQOvCC8j2kp1aa50M2q0m1dFRHDUi.B00bSzq11cSTXB89c2d1X96rxL1hDxfHB00bSpwWTolf0RiijFMTEQqQHdZzA.JXOLwI4mxrv9dgY4WX8EhZmkiopKveuymuGYy6N4lAg3mM","part":"1"},{"link":"SQNy2noqRaF93MfYJpoGJ2Gc2JLWjwIFhxZhmRiqZJxpMu47CkvmROB00bSO5ifyDu62xL0BA.SXYpW.xRGCa.6wUlnTfSpbcBsdq9B00bSSB00bSpziUnZ8CiQ2ZtxasLJqRhSfeGJlsjrKEE6VwkA40B00bSa2E8RDvKTlo5kCp2TNsDJ9gKFQVHjQA2pmyN3JTh76a2RHVuboPeuXLS8BBchCqRLI5EkR7WzjB00bSHGbAwtEnGUKWGlYrORHB00bSGnPR47SXcMq.vNuDoS5EqSStnjIQpMiBSEUqJdCkgmVxUDW9Yyw2NTRMhhKZ1QCcif1nHjIf6PxzFUYfImW7at0emko5qPVp.CyiuER992mJLruqz4oMz1GqKpFB00bSh4vhI8cRfRzUB00bSbrf8QAlusQ","part":"2"}],"hoster":"ddownload","hoster_name":"ddownload.com","count":1,"cnl":{"jk":"6b454a75485845350a784e4c4f364f33","crypted":"C5BQeYYF0kHoslqvHTnqtjGOEhw4D+4b7z6swejlWRtSi1HXxOArnrQuVe+5ES5y6ptQ7tzADkxg+g5tVfMzQqsUiwWFr+psTkEgjnERDUQPUhUcl6cXdWYB8o19ew0+xY1eB2Txy5FtvDBfD93rpiO8XDh5vstmCBBXqtApB67BIfeb0HlG3KVTEbzdROD9ImlQ6nVpprTjb2JW7ctov2dh+6AH1k+hFk6xbZxquRsFqKu\/oKBIi7gee1RTJ77q22NRE7bnwodIFRP5y9zRhBDtP8CuL7TCdFEP+w8Vg53lOyG6Rwe1z9GusVtC2N+vgte4ogdetKFxzdmcJkZM1tP2XOFhwbeaaLDetQ4pFv+CWO4XI9B0tr3nDJHeza\/dhEJ38lS2SMaXDTtT0nGuyw=="}},{"links":[{"link":"G2pk31VeBqoWDfapmHxz9I4Ig206FB00bSSuqszf1tX9g2qWfm6a82gXneQpF13FPetw3GrusSmiKT6U3MUsRcJ364QewLqn5qx2CffNV2yLLXS17z3QE2AahK7Xkd2xJ5T6NmOqYQNW6ZCxtACO6vTR.XSvc.VGRB00bSLX7O3cfHq6QlaGfjukbapsTYZQqrVB00bSyBqrGB5BCaYeentsMPkrIHV4zWRg2AM7pLIFNVw1LMB00bSkXn5m8uuH9tJXORqYfnEe6w1N4jWR0sAiKoWPC2XsVJaWnbeartMFTrHah.8l2zMjSwcWUVhN1eDhbaumvAaB00bSp4L6B00bShqIVGTfH2xIAFQkbuQVt7UoXdHbFGErUwNY83jhP5B1IObljHtBShjmXIYhLBqR2nroFB00bSTEbm4B00bSUFqSSyCtjqipL3QjVGd1zAKmZbRlcNk-","part":"1"},{"link":"2hj.jDCRv4FvlA34hGGSEABGMhNMWB00bSDlij8jDSSMPHsKUz8Cau8NaPOxOYMFnwZxqZ.aZnzKHLRx3p39KXXENy4.GkHjmbgB6c3.G2VeiiNe5uneVNjK.m0Gv1o3MO462vQiONPduD66DxKB0tI5uQw.wrK.vZ6oZw6zQmqmejlXwGpHKUuZseJCUTtjiKorOR2a68VyDCfNuTM0f.LVaEZRNEomhNvOA4E67lmCDuQVWbJnIoB00bSrAHsFWH11FaOhq7mcQlllzen0ZB00bS6xc7Rj4HRKOAvWmlZK5AjnLxS3LulJnpJQyB00bSJDclrbprnYe0r7cqtXqZv2D5BGvqLB0yLFwCxcEnOC107wuECIfZ4GK.DAXT6CGvNIA0n0C9Mh0p3I23wFP.LAzqga1jj6h8iQwXwkuXBtl4tMLYPIE9vKgB00bSQ-","part":"2"}],"hoster":"rapidgator","hoster_name":"Rapidgator.net","count":1,"cnl":{"jk":"57416170703151765a704f3558675649","crypted":"HlPoEg1a+zm0JRE7WswQ0FtdlAPxorVAzEIpZtgc6EdDJ7Z5c5x49RDprWCDWOfhiLkEz9xbB5n9mz2X8FNgnZIpliSG+dqjhXdObAdf41h46NLx7cL8XiUT7k0bcHKjkwRY2036mnExvHz6JfMQKFdPCGlLcEVx8zz4FNm\/uSRTcy8Z78jm2iO8fNHUdvq3fp+8raeD7NQHNd+4Q0ZrdL7dC8Oj9e2JpNong3SsmrrNV\/FkzQC2C8rHuMfhe6OB51Fde3mJbtlH2fDJhWDohtxBuNMD2TVi3LIIy3VjQFvj1t\/YWAVKa0hymixbpBuVaIhVjsHRgc4hRA6O4QDo236uaFPU\/5dTV0gFOZLJxn+ldDWYjWpfyKpZiQ7KWGIsQl0twdwsqL\/D7Xo5OVP0rehgT431ReUjeMrrI9dzsR6oJon6RlFUd80WHm0o0Hn9m1dlAy882qMiNi8nmd24qUvRLRc2b7VU5Og7ioPu9oU="}}]}
Error:
<class 'UnicodeDecodeError'> anibot.py 684
[ERROR] Fehler beim hinzufügen von Episode 4 von Der stärkste Held mit dem Mal der Schwäche, wird im nächsten Durchlauf erneut versucht. Ist JDownloader gestartet?
[DOWNLOAD] Lade fehlende Episode 5 von Der stärkste Held mit dem Mal der Schwäche
{'code': 'error', 'message': ['noadblock']}
Need to solve a captcha
Getting captcha images
Got captcha images
Calculating correct captcha
Percentage img 0: 82.23379629629629
Percentage img 1: 325.3038194444444
Percentage img 2: 82.33506944444444
Percentage img 3: 82.46527777777777
Percentage img 4: 82.34953703703704
Correct captcha: Image Nr. 2 with a confidence of 325.3038194444444
Checking if captcha is correct
{"code":"success","message":"Success","info":"downloads","reflink":{"uploaded":"aHR0cDovL3VsLnRvL3JlZi8xNjQ0MDIwMQ==","shareonline":"aHR0cHM6Ly93d3cuc2hhcmUtb25saW5lLmJpei9hZmZpbGlhdGUvY1ZsdWFqQk1MMHR6UmpocVNWZFFUMjgzV2tGT1NHaFhZMUU5UFE=","stream":"4c67b1774f0a6f4483626d1a6830fadd"},"content":[{"links":[{"link":"5oTQbwGaBKvTUQ0peoFjgN048geLjjMIfgZJI9yrLqRfRDg5LOiB00bS8D1veaizkzWXUhDFaJIJ8MM5UrgDtL0Xz2wDixvMgW4dKlmTtRHvUrrawMFqFAmwN959EIY6QLOfEj741T82YBuu9AyQNY0w.k.4QucB00bSmVPMC1OShYnioPho6S4B2RFzVkqE67wEjLJWKmP248z8B00bSkAuVuv1.HGHhKDsA2Kroh5AdLHEqoItUi9ble84apE4KV7i5aPdDZB00bSv29TA2Vrc9ptH2VNCk.TAsdXJV6l2yjzgnyFcTv4.rIjw.7FEs6spin2lfJGJSrDV73qEz.1GLvQtRxqXHTutU9u91.zt0cH.ItMotNf7Kx8ZI3pCrN61BgiN98ZC.8jX","part":"1"},{"link":"0kEVbo6PNk7AztxJAuvLDqp6PjAxN54vFHcvPoleBJI89GqZuSIXmw7v2H5gpOUWBSyVwW.Aiuf7DeB00bSfGzK8hO4Qs2F5heXsB00bSF9eDLWDy21Wz8w78TFUZRYZ40YsrYf4.83jR0O9bVbS6.KECuc0ZYNkJlwSldmfk67DPxPzyTP50DriY2SrnoYEx0dn8nssoz5Nptu3kJbqTv502MvWuYTzjxuIf0fFL6kHiY2YF7hnI3ueVFyyumEGY1p4WzlL1WznaVtVDU0jZhvKtIZsB00bSqaURwFQ2skRzXggGyyFsEwaTjyvPNvX2ofH5A6yJ5yUMcTdREP3B00bSXZMo0SMtTnWEr8Bd93B00bSxthyiFsM5hsTGBdq3Yuz6p5nfNIQZph6roXc","part":"2"}],"hoster":"uploaded","hoster_name":"Uploaded.net","count":1,"cnl":{"jk":"37683249354866444352307965397441","crypted":"6JZgSrDVG3Jk\/56s9gQ71bbQPa\/adSBUL\/L3sbB5DbnA7oeTSLTVJyrjlQr7jTney7jjMVMxi5Vl1MVuZ8v+ZnJ3bdEycVT4f8MrGvKDRFs5+pCwjPkmflQFsALTMKP+UUc2pCZKxl92l+xZ8wKvHjDMRXnxeVFi9j5EUuuN0LxAyj0ti0FJYxJ1ONpKuHsh\/u9pBYgmyFdHLc2cIuR1YnimHJmhCj6BdjHeu79IP6eTsO24ulMUYkHRCWRBd93Q\/YYfXGYJltTGu3PpojU9fZpXHW6hrGtJ5dn12zWIrH8mEfoZjuwjs1i9WwE6+D7iAGqke20OKJ6EbxhbqQp0tyj+LNjMKZjEUaVOV2G3V5Z\/VJz7VOmFUhg8cJnTe7cbPelbf5xlFTpiqrwlUNO+Sw=="}},{"links":[{"link":"AbSkghZhBNgGqDPr7seg2vzjpPXOWhajkkU4lbB00bS2dK3iC62n9gx6X6XPVUPMnpBe5hm6FqOQ5JEY2yXuB7wTB00bSPVZvQ9dXMviPJ73NCAY0Zyd2z0bf5EhB00bSxcCKngQeThAB00bSTTeoPovtswBB00bSMkpbMOrRkYj8oebB00bSbo36XTIAlVu.YFWpmpQhpZ52yM0tUJlSduQifhSsarSvSz5WN4FUliczf.pCihRTjqAtZv.oCwQT33wu7ZsnAyd9YJS6.jEwvoDWJpAwIWaIWgddPfbaAB00bSiOFS8B00bSlrlpQTJDf01aR9mDx8jUUgbh0RKhAB00bSdpB00bSQQr21XDkuxImyfPtJB00bS7j5z8UwgZHaJB00bS059mmB00bSeGPq0B00bSRC8BsbsuNRd5GeB00bSLIZ.EyxfOQrr","part":"1"},{"link":"rLIhLeRqIZKH8hB00bSh89k.PiOnMlA.gAtQGhZtqhNdgKwc2smaOi.T.UslRfKu80FCtycrnQrioEZNQYN0Rx6SeGoEa1lio4ws7Yjy5GiS7TXp5gtTJCcpnK6u8wSk6vvoKNvAaW6Cm.IKgkxDrWv19vyaGB00bSuwNksxh4tPo8NOVPLB00bSRIbvDrILPk5ltBFY4wzGKOknGUuL3a7tMIMPUKl9VhInmiraEMmGIHpVY2aLdZJ7A9KYZYt01R6n4B6oBCHYLNj4.mvWeLhy5H4mnzYjiw9ZghdU1uiyUf.cico7oOzcI6TgYj.r10jF9aTAQsBrm8ZnJrFMqp02mjvuIEyRXGmkEOIsin1y0ypINDMAKdDqXU9QhM8CQ3RQfpDRfB00bSyr","part":"2"}],"hoster":"ddownload","hoster_name":"ddownload.com","count":1,"cnl":{"jk":"77375377363972548c764b7344574268","crypted":"vT2Bb0uFyPwLKeLO2SpzSHq1seHeYtSvnve\/L1IbG\/GEuOd9wZWdpLgKW3DdAwVtf8uWmU8TI2CuvJ6GQ541vlJEy\/2GBG0b45TXqg\/wFCmEekVN9A6kUz73tu9ri70\/\/fN1x07XyFfNCEyFqlxG6cviPGy04BlQ6QlhggCZujyH+uElots2QRTrcB9atG0xb7P+VPpyYjfVHi3bswOxylhuiD8VMgC6Y8Es+nVHYWtM34rWpG6nhmXO\/J0bu76MBgpjvmgTOj7IKLODgVySSz6IfGuAFR89FON3ukrXSQ41plFTnwWEGSgd5cRd2Yh\/UXYQHK+X6SU0JyAlKE6+Nsx5wGnWpjsMCyqmDXXUOAmxjqgbkSCqHUA4K5ouippbhoZtmDq1EbGNCfaJWzvnMA=="}},{"links":[{"link":"SrPsQjs3uT2Ggq0nAhuYVmDtrCleNlcVXz09QrFc4zVx8kCCVmXpz73wOSV6KMFhYQdxjypSYTZ4h9tMQJjtT79izB00bS6Mfwlm3ZiEJNkAAwZG329OdaBgDFBw86srLW5DXQY8jzMyd9KbHnX8cy.s8B00bSgpCCDdyOksI.VVA3xiFt.zBLBd1ZIOTpCErPvKhgN3e0eYGevZwOnQf0eXhnBDuOfT4jlQzltnQFFSh5VwAvS5Ce70qvHwHcmo1qDqCsAfB.7sm8eqTPyOPnbO7EvbN8DFGGSJBoO5aC5GcEfseUSvYehPNGIPKmI54eAtTQRK9j.jIOdLutJlPpv3IM3Duwu8HPjxaTczrRKZDcOdXchrPXX.jHZdB00bSWqnAHgxMiB968qOhSZKrHKv80l3iqCvm2SysPXTAcXmwj9qWob8Gxo-","part":"1"},{"link":"re2Ed9fNI8XFHp68n36frbSyqWXm7BjC9kmfEnmX42MVU9bvc3Pm8UdL4hialzaTUARqtXpxnBZFAF6dBu2Ld0nsp5AB2MikFvfmRADOXINXHYI.RwvSlUNwW.Uy8Yhvm9MsfGDPsYJEKpEUfMWSLBO3HbPoVxw2B00bSqtbmQ8juNGV41oPOnKirZ3e5ipuGI9zebBnfZuSRgoB00bS5V0l3bOJ6TY7a9gHJFHacj908CC5xM50LuY1gtmc7FjYon9yekxalDL8e86NsdjOU04k5u6B00bSYQk.ndhTQi.7qViAGEES2wMdRjxULDZfWToEHl0DVBjq08mB00bShNmCK7eGybAPrhW1BBTnO.LujmQSvdSSIoQXPDmPgwWuEgPDfHa.YC6PEqGkQZR7t7Ree.aFjDDnPZxiL3zUHbKPhdH7H7HAtXOAZ0A-","part":"2"}],"hoster":"rapidgator","hoster_name":"Rapidgator.net","count":1,"cnl":{"jk":"6c4e473870693974836156364b37416f","crypted":"uacgiCLJeEdOqh98SQWalMUnaGX+GSov2cagF4yWbxZ1Zo3N+6GUG\/xl39rINRhXUILxVxxfF6JWXQ2Btp6jtbsDUQn8i0l8nnFpNmtvX7Solouu7CpFBe1jMPyx670KEV6MMpsn0F7ue41SOnj+Jt3yTFJNPmG9YSFJw+qfxVzRvprOGonlHtIzGYFMqPmyHapZlRl3jP6P8jFEm+5YEWp+tJRAzCKkUONJlZDz01LgclVrpvn9GZ5yvidyEyPhGQw2dn+90Lb8kaSa9A0cp2XpOMB3w\/P0Uu2Kvyp8YVkGCREUahvcNbcNNPMBE4dAj9ADjdyy\/b3ivEBFNN7\/v34Fdjx4D94diZC+QlmvbdAqKDpO2w0shjHXfF3yFf0H4WG7tNU7w1kHleCgpK9zrDGwGHxltzNOgrXAQ7ThUN0TTC\/WBiQxjcN8jN22drxWNY7vYmsqJ\/5vnwK97LHJYCFNeQwbEvAuPEKqzA5mmjI="}}]}
Error:
<class 'UnicodeDecodeError'> anibot.py 684
[ERROR] Fehler beim hinzufügen von Episode 5 von Der stärkste Held mit dem Mal der Schwäche, wird im nächsten Durchlauf erneut versucht. Ist JDownloader gestartet?
[DOWNLOAD] Lade fehlende Episode 6 von Der stärkste Held mit dem Mal der Schwäche
{'code': 'error', 'message': ['noadblock']}
Need to solve a captcha
Getting captcha images
Got captcha images
Calculating correct captcha
Percentage img 0: 86.02430555555556
Percentage img 1: 86.24131944444444
Percentage img 2: 340.94328703703707
Percentage img 3: 86.1545138888889
Percentage img 4: 86.25578703703704
Correct captcha: Image Nr. 3 with a confidence of 340.94328703703707
Checking if captcha is correct
{"code":"success","message":"Success","info":"downloads","reflink":{"uploaded":"aHR0cDovL3VsLnRvL3JlZi8xNjQ0MDIwMQ==","shareonline":"aHR0cHM6Ly93d3cuc2hhcmUtb25saW5lLmJpei9hZmZpbGlhdGUvY1ZsdWFqQk1MMHR6UmpocVNWZFFUMjgzV2tGT1NHaFhZMUU5UFE=","stream":"4c67b1774f0a6f4483626d1a6830fadd"},"content":[{"links":[{"link":"E.BLzl8dlcZl8jarPB.EKoIvPPCDTPZNVHQAjIewLHN12dvBVQKT8dcNGTYVpieKVENzvv37umFk2sd8tzQFDr6NaWKbkThI0ekNN8xezY5BbAsKiXG3zWUthm2gxEY2aFbBSCHzJuDUVkB00bSNvmE0O4fwREM6TTxkpKjbkhA6oQGW4Ngbi5dZR46wQyjCXsaWcz9wxAFG7spDXB00bSxL3MNfhyH9B00bSXJZzHdMT21uZJs0B00bS2sxppb6uPiR195JdQDI76HXJj10BiVkh3jKZlCJLWB00bSgaisCH3lvf6bbeT6vaB00bSmXRZVgEw0tWcXjpQDVYFKZowoOJeVyN2R9QSz5QQTCfsDfigPC5zwSA5rmjaF7rFsaFB00bSurWUpZYY.hD9yRJseV9qgw","part":"1"},{"link":"zCxI7k1lOq45T6um8RoAexYPjPIijhU5cy91WGo3ZgsVzYzkNCJGSjt1IUBNOM79AqpowDGDQsEEiV7vhd4HLpr5Ji4eB00bSa8VfqDsKfipiwCJVFifSmeKB00bScDA83GZ21yR4T1mMD74prseeZMxSMh8YwPY0NbKiVglGBtt6qvuymP2zGPOlDP.z9Wxvdm5wGct9ZvgXqe6cpFfSUkYjnK6B00bS4kNZWZ3I1CZb7ee222YHhQsAyyxxyAi2LqpQI9O.g30bmFl8VdWyeB00bSsM32Y8rlbsUi0o3HGkp3Fn62.pLH5.EcrRkoXXQeB5CWB00bSkIOzf5Dw6IHz8tB00bSJB00bS5H9I7XlwhrmtWTRyo.kB00bSL6CxEHOwSMAoRXtMo6dL29yPGJnfc1ZZg8P","part":"2"}],"hoster":"uploaded","hoster_name":"Uploaded.net","count":1,"cnl":{"jk":"6d365a6f51737463c837704856674159","crypted":"7roR3uLpxuv0\/EcE5e2dcwye24oiI3tAz84+gNqBKl4VW715RHQnByjuwxen4gvq+2jUIW2xjlbQ7BrQTqVoaZS+CGpNNx1LjshwHO87OHsi3rkJ4PvA6luJyYJi2Yn\/Tv7Q41Gfq6S8EiH4YAWjhGLuXGRGohZqwGs5Dlui+KW0s5yruLwtBKbFLXy0jU5yIjSPFKtCQmOVAMtKim0dVPXfex9yexy+HcI6JSI0i7kC9qiXsLkAEO\/6pSpP\/ZIrJEDqeqJdaPGmr+Mc\/nagGptAhUozHOHXi2Xer\/AJkobGyMpGvE2j24aVFloD+aurWXmLq9zUAM3Fqbjur1TiFN8bwLA1nJBqXnWUmVphneJQsB+xrUWkfCOk7A2PLtcFgk6JGEu0iK5N5RxSzEKU2w=="}},{"links":[{"link":"RLB00bSmLie3f2ieTMAjGtEIqRgdPaScXnevpVDMn23SN0I9tB00bS4C3DIDIFwwdqHqCIvKuNrzIoz2qQGU40CdsutzF0uYmCfB879M3ksCjTw2TpAF.fsTAl6OWQKYrhpqYpqPRSHDVpFoBw8BnfiXMyjPePXAgGSHT8KxpUyreEHVKt99rgXNmWlB00bSPeBfPYq2rSvPCranl4r3DkB00bSfeRR2j5KkUFRi4JX2EzyPGYg2v1Sah39AD6qpIIqTIkWBMnqB00bSgOIo7iYJrzY46iGqjp8mkdJJNpjfy5P.B00bSZltB00bSNxYVKM.ev34cqvEuOTLWYfB4xKrjS34h8SkInkwp.E5r8NmeDy3GlMMvTIexXVEzYHt4J8wBVo2RGFLF2zC4I6TB00bSCItTk1j","part":"1"},{"link":"EnyLjmzJP23UuoCfI5RwNrLNwg9J1TCrojlnJSNMZ7KgUkady60m8gjIQJXcNpp.1VHaZrQurcB00bSnDq1LF4pP4c31ooUnM93uFwpWCQVgdXfrVuopxPTcX4BtPB00bSTaB00bSE8B00bSXjeK0xJgGbOd8R9GK9LhZ4DajAZ2zRSkk9Rzn8Eyu6WSAEZNUErQVV1WK.1w2iAB00bSKycvL4DzZtZyq5c08LCBYoi9.cUXo0oQPUO9bNAQfK0FVL9uGgqop9ZKAmB00bSTz32.I4L93FGpzqLb.81NDQq.FgR3zYTieIzq0VLE2QwtfnD88.we6p7gT9OVqP2o.MohYyS3feEeS02NWjaAqcAZ05CZoOCpvkBWoXEa9RdfKPttQA8hqEEyNp8gxTgMmQNm","part":"2"}],"hoster":"ddownload","hoster_name":"ddownload.com","count":1,"cnl":{"jk":"6f33737a56677a47f475677435345231","crypted":"n8iOALoqd\/yIll4mVqjTBxWa86f8MFYeiT5UFHkogPpK2tr6EA\/OphLkkVmcEHw+WzCz6lBTGqlcLWNTK4saDjjFP3HmM0JNrH9FqiecryW4PdUDpoYXdi5zYSsYR0I4uxIZydiGT2BP4IlMWJ2O7MX53Hq1J1iJV5ro6m385p0UqBrGHGQMKDY45o2uiQ4EnbgU6LmyjjyhVpNTKxjf4ZAO+K0v9Ux6\/Q68LgS4BQNMenQN\/GfxQh7p+ZtVWuzbnaNp48DJDEPp2eNL+dT7odu8mnxe2owrA2vwGPU7I\/nSRz9knIhXm6A3gL8+GmvqZ4TSQuoMTwTThOfKRC8bT0ez0rkKq2WLMkknVvN3QgFy8VQ8trNEURAIooxtidxHsZXTG9EWY85hDEHLw5RbcQ=="}},{"links":[{"link":"4cAB00bSieHAloOHB00bS9VOMXxex5H562PcTvB00bSTbpHV9X7SnIZB00bSPw8lgrXMgpxsP1nz45HFRIuWxdZkjcmUCJz48bQmcdOJhiNB00bS61gBKM4ja9V4mlM58V1uPA55W5CB00bSKgRqpDGhpRvjry43kvIA5baiZvPwdKOhxN6ErJMZRN0dtizYkal7Sk8jZBZfd4jqezUwsQLu0GK5MLXPyY22A7wxFj5OfENTT23GDAVPE3l4YSiDltRFsB00bSB00bSx3.8wCwyhTD09jC0L6gsHfRyhmQv9hj7oZzCozOwWO6wiaC0raWI.ldmlwGVrWwoOA9VTC192JmVQ18WuHQzWerxTgrVh6GCv4fV8.vsr6j3Y0XxB00bSnOiEAEw29kmxoVBuma.DWnRRLrcTgEmB00bSODEWb86ShwgMtrV9WAiiI8yG064VQRdNyfud1RwhxFQ-","part":"1"},{"link":"6OzOpkALB00bSuVeceIO8ETJ10p8DIuAQB00bS4jzxZXLjf7Z3CDMTGPgoHPhBdE1F07nFgm.VMnu.sKBrv3LMZ4b5dRhQ8m7X0hBM6iUnjDyENv5SZAzYRrkyJFE7YU.OUIF4nJ8ot4xihxLimUOvhac2Z74FagTB2WzB00bS3yFMAEza1QjApNa8qvyCm6O62pQSbUGRJHPD5rRzDNk0vkyY0LzEyFb7Iq1HGywRWs.Q5Zgf238yITPJS6VW6ZudlOTqK9W3SgH6AqclgjRcb.Lym3gB00bScDccsw1.am5gjZGxB00bSapgfBTg7GxnJB00bShDQR63dLmt7sxZ9azC0k8mafviW0sx3DsbIdDV7iUd4BT14m5BbIOcHbzbtjfYJ6TRmGEoD01uBWcvIfF3ETrKG31c0C3vCL1wZ74AgxVIhYZ0zvjUd7Vv.ASx8-","part":"2"}],"hoster":"rapidgator","hoster_name":"Rapidgator.net","count":1,"cnl":{"jk":"31565a6371707175a4526e5049326256","crypted":"GV+Kb0r8ucvtqdfHw+c1c37ccnwlbU\/QnSGlTaaxLbxhtCtMkzh+ITjKRk3xIF85\/rl0eUmO+aEyGrYGXOD64l2up55luEJaAEh7MUOjBQYjsa48nCO+ebXZi7bW5yjeVGkDKyUHWbmsv6m7ManTmuPxM5o9NJ6tr16bK907bwAR5Var7ppaOwzmncr7zP3jFraryJVt9nK2glpqqWXgrfsa+ypWJQUCw\/Bw5HJ8ohd8+whhd0sSa5WVG8+5nqhEw45Qnc+qErmV8lwvt+d9XfYI9dmgaa8ogXPeGY+xb1pkDfj5hFjLxVftuIcsp3Vu1i0p5ZC57\/ARD5Y0B15\/2qdhGpYXLXuO8lgyPHg2tUulet9tL\/Ot1qn\/a\/fscknzYy+RxSYmUtn1Xp7YNGW6TEOUol3O1xhRo6faVXqviQe3mgR1gJrc8kxXE1bMfaIRY0wSTu4LYoUsNNqAfm4K9tefcswMjq0o8e\/IEfXH478="}}]}
Error:
<class 'UnicodeDecodeError'> anibot.py 684
[ERROR] Fehler beim hinzufügen von Episode 6 von Der stärkste Held mit dem Mal der Schwäche, wird im nächsten Durchlauf erneut versucht. Ist JDownloader gestartet?
[DOWNLOAD] Lade fehlende Episode 7 von Der stärkste Held mit dem Mal der Schwäche
{'code': 'error', 'message': ['noadblock']}
Need to solve a captcha
Getting captcha images
Got captcha images
Calculating correct captcha
Percentage img 0: 44.66666666666667
Percentage img 1: 44.66666666666667
Percentage img 2: 44.44444444444444
Percentage img 3: 44.333333333333336
Percentage img 4: 168.55555555555557
Correct captcha: Image Nr. 5 with a confidence of 168.55555555555557
Checking if captcha is correct
{"code":"success","message":"Success","info":"downloads","reflink":{"uploaded":"aHR0cDovL3VsLnRvL3JlZi8xNjQ0MDIwMQ==","shareonline":"aHR0cHM6Ly93d3cuc2hhcmUtb25saW5lLmJpei9hZmZpbGlhdGUvY1ZsdWFqQk1MMHR6UmpocVNWZFFUMjgzV2tGT1NHaFhZMUU5UFE=","stream":"4c67b1774f0a6f4483626d1a6830fadd"},"content":[{"links":[{"link":"twQZisqBIcs6PJCWcbadGBBHsS1gmJj9Kv0HyjdiyVqpXCB00bSOTSe4gnWDgNwn8GLIpgegM1zEPh.ARsT3gUXAvBr5GDrGodaNsijPQcDnNXb33wB00bSixr2XairzMJBHZVGOS3xeB00bSchQnRwupZ9y81tpF1DoAaBUB00bS2Q0UbYrX9tKBirYfk3JN5Lpqz1gmH15pqTMBXaw3cpy5mBEqouKDGdCtB00bSefFLCRhcB00bSsI6lKZlgVhopBVo4IpVEjLnF0d8CSE0BwUP8P7twrxeOdzr0Pb3eLD8LKcYZoIrnA9PeNeHTQnK11RjLdh00AUG35mnYzJl3WFB5bcMafupWFR5.QEvN83ILPjbZnIwtwEBN3CWmwWrnEfTlO9e7Pcq6JqD5jxNet","part":"1"},{"link":"xMUXekMQ.Od5qlfhd33hFkNbDjHe.eC3AK9SNBOKO3cB00bSNGzYhUgMX.yWQlsii.K.j5GPuHjWIVI56cY3XetU9E2B00bSjCvqTWUNjbV8VnrDC.EotK0G1ifjap8tjYHHb6kKTfaMZwj4eJlrE45sBQCvRtYip08bFvUifgfw1ZNHlW1HGCa0ssRaGaIp5lSim9Rqcw96mqlBROt0MlRRGoN93B00bSLtVdQnmj7aattBnBk2iX92sizH9B00bSJvzFXpkCbKPsEj79OXx0svP3u9BkB00bSSL4FmAEOEFzB00bSTYAwFJk.GF5bjJYsp50ZVew5qjL96Ji0sIfDJTG33M8iSs1VqIBQITXsJSPn8KglrJ.pLsJe8jcadPe40jYSXbllOOVFpF00p9Tst","part":"2"}],"hoster":"uploaded","hoster_name":"Uploaded.net","count":1,"cnl":{"jk":"4b747a79594d68733175595a55477568","crypted":"HjJ7mUhmYwiTcgaVVJLB0lvIB2vshFr8jUqUfdO7\/PNb\/eVIeswJ8puCkLHTvJaOmsSt3k0TUNQDXnz5y\/gqk6vpyNiB\/iD7FtK0BTaZNq4xjzfRzq2rcjsgKp\/rRir+UdRV7itJZagtGelQPG7Og1Oc4mbJFvrl\/zJIr+fTlMqIdFuyFWodQqOAwGuUeDRaKm71xB1IcqyQH19PaBMJww\/4BVQ4pcWdopW1FGrIplf3wu3RSP3efcWBVGBYtIGdFC5q5897fRf2Lfs\/mrRYtCThWJED7aeCaMOJlnZTdoyGx4F1Fhx5JIkDbMb4JHanJInv9XFPQRh25gT5HcI6zVq\/QrLWFLHJ9X0YKG\/51oZSs9DpNlFKPWS9tVRLDdo5MlMj0grFUClssnk0\/SRdPw=="}},{"links":[{"link":"DXkXVOhQ1Z5A9jeMhe7E2K92jKDHYvGb7FB00bStZ.1zI.a4kNL1gAuLyCXql9tJxKubedltolMPSPq2Em6dNlsaXRvB00bS1ODpRURv22LZxAaHfWKncc8bdp8Kyoj02T74v1uC9XSZwkvuOWHKRKOtvp1QSyKbW0JxNejM1Li.NBsIB00bSc4gGRnLrhvbY5TaCvu9Q6wJBkkxRyAQTH0Ud5bullZ0fRKd5C6pNG7rh0mAnArCDQmoZjjGGg1YfgCyHAtp52VB00bSapZtxAQ7JB53.jWB00bSx9jWnF5034crwqRvz2tXva6IpbXnEaIUqIKPIl31Q3WmZa00GZRhPyQPbF7MBWneWA.lWLYzV8lwZZQfriQrAvjGyaoFcHIe86c2RHw18F3bDEw.","part":"1"},{"link":"qII1Bqi6iIQEa0GaMazy218zrI4YZ2J.CGbAoAiXwM5yJIl1B00bSPi0OgWFeLqi6fHxyBAodX8hKXE9Ja2qDwRgySBBi0mhRKI.9BLA3Kl2rIcOd.4x4XxaT2lwYnOS6U8U4WX23dYCOini7Ty1GB00bSR6qiCcAlKH27cleTtQIvyaB00bSSlI7.VQAVhpB00bSnrjfzxZxAZkuaYVGDGSz3IquQnJWiljATAKawKbJal.gYDh35n.f63EKEIJmUB00bSc89CJAqD3FZKhDB.m27rRtUI803DfwGdX7etx3HQHXuLVaXRSnxZRlxYq1Y0RMR5huiYJ0z8rOlCPUbve3mnXhlvXtkjBxW1hXIExM6wBE4RuNdlUsiu2KqSlGqSGpUFgvnj2pdtcXhTg","part":"2"}],"hoster":"ddownload","hoster_name":"ddownload.com","count":1,"cnl":{"jk":"6b42516b4f34486744455567636b5179","crypted":"A2ZKUWCrYa+8ddjXKFVM3isS+QnKRq1C3eNXjVVIaagOfi50ml2q3u1AJx8yeMdGCAlvZDbqGdvy1P2G\/1AluCwWKe0EMbftsj81rHMqGnq49yO1vzOFjRIBo+Y\/Ih1qvi7P8aaWT6r+5zYSs7RomKXbg38Bdip97K7FsJ3KFf7tr5nOUX6dQKUE1BvJzEZZuQHvlshtK5cQYHkRuKdaLy4sexiVtJFB04NOkb\/E9ak6j5OOCz8SjEIhB9y7tXdAU6XIxyo2MtR5rcUFoIYTKWtrg3RQ9UXpS8\/Hhw36bxqAZLk8PrmaPhxL0JrUF5Yw15Kk1PcD+1yc81DFO1uNULRnHe+TTWcXjOjfovOhLUV4lfllicQgy+FC5KibdndZOwuXKgJrbyZpXgs5vYAUqw=="}},{"links":[{"link":"39p2g2fx5Y98XJkrYJB7.pf9nMIymnar6nZ9nB00bSxN7YrWsMYNkBoTSWzn0j7TZyqas0yKB00bS6AySueBvZoMPIpYGeAoPGLdgNm6xZ6fVLDWoa80GQatknMzELWOO.B0kKttI5YgtwmvUJ9MHBjzOmitXJfURE2LaoVptB00bSnDTZqMQ5vIAgUjTO5tRvGWA0FJB.6.cxJfS8dErq2uUmzifa7jSvhh0K8pQW8PcgcJtBhg.9jdPNLH68JKfkOQHGdftZpjAfsYktozpEaxNSkPdMiCbv8.NSgh1GotZmMdQfmh7N40G.Y3hWOqY0B00bSmAAhOaFy1tLe1WE7hqvNHoQ0iuo74ZiS.x7t5rk6oG91qZvhUt2DNzLEm1u.wJCr7W1MFOQph5AB6W6nYFtejii.FgjCUMzEHX.GQa7qoejxHYNwoA48-","part":"1"},{"link":"MZyPaPGyi55B00bSzEoiWE4ZYSe5ezO3rvb65MO4a2h4.B00bSYf1YBWhtCqyNobq2IszNA8yovbVFBejjs50jDfTRvBek.WdtXybqfi7BT1mvuxsmdmE8WoFOKM..xFhv2WuiJDiIKzrnz5EASF9mG8ffWyrqM.KSbYulev1XoBh6Ryu0A3nF4IgUTdgxB5KKzVS6eX9Uf4NkYgl1B00bSo33Ah2IZYCPDqwDB7e5KokdrBTETvkFJIWRB00bSv8B00bS.i9rMc66DMrjqDqj7ffBHwxtvLqSfTqa7tBWLn98DpSpmjvB00bS3Lf6Z1URy0mJpJjT9T9opzd8GzP7S9ANBUXlXirwxuyGbFQD0uxuyYvYRPBTU7p16s2Jetd2GM20y9WcD90hdo3Pcx.GJELG7rWzd0q.Pj2v188RQtUephNHra6yTeUweq46XmgVU-","part":"2"}],"hoster":"rapidgator","hoster_name":"Rapidgator.net","count":1,"cnl":{"jk":"6c653670524670664a30363930637a48","crypted":"XQG9rsRP2h2FkpQ4aTTHX8JKsRV07hJqMsyGqYR73Dm7V2OvPShLyUTUzdyMc4ozark9+Pc1tT2FBkzgNMba4QiNzxNP99S1NQDoZVm4m84GnGKSZmfqAxV88GQ+APYq0hjReioE7\/0Y8w7Iv5xR89FpowalEqR8Ybp8moDhW0inhPpeoGeRVde7cLntAFLAtiD5vy5FKPIkCXBNmarLcfD7GfwDkO\/uWQ52SJ2idFTOqvf2WRFOnCIfbU7HoBTssDpJLn8MFE3nA2DKUYZ3G64JErN6JNgkwmeqsk01iCiAI3aqzK6TVBV9sxsEb0XVatL0itkGIF0BRI7sLVXUSUVz+wLzOKC+SGaonk36fBdsYz5unT\/Lj3D\/KvQpL\/AOwPVIVrNZCLr\/WpS0WPqSVGDdj9LU2L5EYUzmZfkSUdHh+qoxstGntw4ULHSHDg\/8JWF0NbED\/tVWJz\/bTudpEdLx1\/a5yBVx2ZYWbtsouQg="}}]}
Error:
<class 'UnicodeDecodeError'> anibot.py 684
[ERROR] Fehler beim hinzufügen von Episode 7 von Der stärkste Held mit dem Mal der Schwäche, wird im nächsten Durchlauf erneut versucht. Ist JDownloader gestartet?
[DOWNLOAD] Lade fehlende Episode 8 von Der stärkste Held mit dem Mal der Schwäche
{'code': 'error', 'message': ['noadblock']}
Need to solve a captcha
Getting captcha images
Got captcha images
Calculating correct captcha
Percentage img 0: 84.40393518518519
Percentage img 1: 84.43287037037037
Percentage img 2: 84.66435185185185
Percentage img 3: 84.46180555555556
Percentage img 4: 335.0983796296296
Correct captcha: Image Nr. 5 with a confidence of 335.0983796296296
Checking if captcha is correct
{"code":"success","message":"Success","info":"downloads","reflink":{"uploaded":"aHR0cDovL3VsLnRvL3JlZi8xNjQ0MDIwMQ==","shareonline":"aHR0cHM6Ly93d3cuc2hhcmUtb25saW5lLmJpei9hZmZpbGlhdGUvY1ZsdWFqQk1MMHR6UmpocVNWZFFUMjgzV2tGT1NHaFhZMUU5UFE=","stream":"4c67b1774f0a6f4483626d1a6830fadd"},"content":[{"links":[{"link":"ZuGZ6igGMmbO37iZNFQ8xDWB00bSfJVaV1zDg2vAMmFnyKh28tgW.UvQpbPtB00bS0Cnwg96BZLaB00bS0SBT4aZgwIjdXPe2bIcbo0d7Nh3kVyx8qIB9.jBX0r8tysl.PGcDyqjHAGF0m2scJXQXBCkZOCTPyTDjcBNEkQMjG22e3LoVvJG1LA5wVoXw03CXB00bSFXinPPAkii2A28ZA28ePHF6bLZvIHl4eRQUbtu96KrBnrXPq5uPtSX9DrI6e6ioBefoCpAukdbrRzBUz1VRlCGuI8KrHv7IYMB00bSl8iciKUelB00bSHAUzmZxjbunRCdL9VkSV58B00bScptoaV307MptH9dFgwIfGADBSNG..zKSqeuizWbbyyYGkB64OkvLYDtMPSnGdrL4Nb1qQcX","part":"1"},{"link":"UMBKiI9niNNyszIB00bS67UXiLnx3B00bStQUd7BXu2YzvpjHPR96Ws6ZRIneIGxbJTVNCgzIxWoDG1ldC8CMimN6lXh3IeGFABEnrzlBM6GvagHgUKgJkq3QHdu6X5SFdY1r7a7Qw3oh2LthDeB00bSkB00bSmeOXuctMT2hMNvLIYKVIYfUGJdiHItiraI65B00bSQJgB00bSt2wvVwYKLMlxfJEStNfaGZUHGcb9s6ieQh4ZzFYpiUFtQlNLsqNSUdRJPTQmgQB00bSIsdudLC3vUXBMB00bSaE9U4jjpIYYfp31LsleX4gPEPNop0A.kFMUtodMIxOUdsaqm9O.aLY.B00bSBaYOV108hLE.R64mKAC5j7TBGGqWMiqiLagtIjPWR77X2OXZK6JIbu8Pe13XgjMv4vBR","part":"2"}],"hoster":"uploaded","hoster_name":"Uploaded.net","count":1,"cnl":{"jk":"48775453476e724627494e504f4d3234","crypted":"MgFFujv3SprM\/ZLVqqOlkeTZMv+po5cBskVwNi0nDHeMq0rVRH237fnG4jW54l2s3CRCwpPp6ej3J2dFCP0NRzw5Mse1Lqqah48RXKUt3yUda6oX8F0PPvJ5738V4KZhYjLSv1Hx9uYmqrLUhk0czXSD1G1MP1jujkgibC8obhyqLQPEEr6V+WygMcn9cJW\/5CFws0JSzRzkCMHDl2jZp7a7ua6jYzTl4KAU8XTLoqiNq+h8Fglj3fOH\/fm+QonMEVpqXR1dJmk\/Qw4jt7imggE3mMlm5wswPXvrlO\/dtI42hMFgoXkC\/Jv5j0fV2oLz2iQTW0mN9agdLezJUtnA8dwk0l19GPCBO+vVkP0aS6l46nlB4iZ3\/tdBDlw3NiOjkWHoofL9Ut8s7QNO+lV7XA=="}},{"links":[{"link":"ZcZKl6uH5VIrsVyLRwvoPVdjutc9.VdJEWydg5zl.PpeUUVCx6FNVFFV9pm8vd6ScwuLA99Epxkuvp8GU6f3OAWAe2wCYrZ148w9WCzRGn7JQ.yGfIRYBPl0zFK71NHGP8vfr0fNyebqC524FNxknG7IvMxgLj56bWGhaLHQLS2PebpbELh6kyyEq2pVVpmSj8wsnHalqtkfrsUXEV8Mlsew2kTrLZRtGhCyk.TPCcqTOmdgemLYENlFts5gYtiob2GmTbTZR80QseyHKFfEhAhDbyFXTdvvVpuOuuyHFPqX8DvEOyMJuB00bSjliN2r6I3lAqt1UmvNQc.RbQNnk1IXyG1HDvoCslpOzjhB00bSb49J.6dm3gNHObT7wQEimV4RJjHj","part":"1"},{"link":"rRuVA.rLUYJUB00bSC40199ogtGMLZvJB00bSEH4Jq3UDyudgNYFk3XH.28LA4MoYmk8fwJ6IAV8oqUuBOzghI2rnkAqoF79wkhizOFCywgebGJTHbrp233deT2WyxOdnsNs5Pn2GxUhwigr.mo2KHaECp.aB5cC7JfJCf33HV7LpSbH0nPmv5wCuTRkOB00bS6AITrRY4pbzy425NB00bSEaoPvUlZOWwg7umTiJCDIiKC1EaufKwlqbFZ46dkXtBdrV5Dafjyrdseqid9TTfkps6Ziedy9gX3R0Zfxxax0Su7InEhYOr1QuWB00bSboZPGguqGzeHfj0qogPkoweaIfC6vcwoANR53fFxDsXdZUtBrcxONFxMKKleB5IB1gFdxT0XedO0LRuqKWB00bShw","part":"2"}],"hoster":"ddownload","hoster_name":"ddownload.com","count":1,"cnl":{"jk":"4362716836324766f8693835644b6f4e","crypted":"\/Aqu+oPx93B3wV24lLGT9bdjIXOsEe3CUzmri1EnPPpTX0vA58zbqwNBSZiB\/xkcd4RQgRUnqYc8+hyWxqHa3dR5xxhaKvGplMTHwYTM+GvPhvotOndFZ9+Nsv3LDWowQXJqv+d\/+KdfK9QfQhS7ul95NY5i6+qciT+QpnWBOm3djrBgPk+agAkxENcb3PekK3UonLrmPYAdlaocm2uhpk0pmelZLyOlT0ZwQXvB6IvsO5jf8TnAAYpItls\/dCznd6iQ4n3rvrw5li+43rVSQuKla0KSBXj+mQxQLURv0Qw7kse1WiAh8A2CEgJ5KVYFaKC5RkeXVY\/EEYejmM3NB+qFEqRCC0sytaVBJzqafgOQjxlZDW7J5EIBgPnBxIsrDbFBLzuxEz1vsztYrDcDsg=="}},{"links":[{"link":"Bkc.i84fjB00bSpp9TsaqaB8qQDM1YaPe7j6GSLsU4x0jqlpL3tialgF6ppDC0XvlAXrQEQcSlFnJ9ZnZcO4aaR247KtsMiToGDdgoCBSqJoiD1Y8d7iq0KZUhy7RJtELuUTETB00bSt7j3AHSJL8bgrFPTis0riZK9zEFyyZB00bSYZjBc95nPLdLpP.nIc7MoBu6NOIcZKH.k1WUIlvuCCnttmkkaJno0uR2wLLoDjh.dsrw6XDynnlOoBZfgdI42XMsVMYWGqKsywnNTsVvemT.xmfvVRyLG1NflhuM5B00bS2Md57PB00bSHV3v1cHVXhDBP64TOnQdpVcbd5AUzdncArneTDLVhlvQr4JFHSaxojdB00bSvRJrAMFW.PTGi8RLqlwhfWle3JOfi5ps5YCIGKbJ723wD69HnlHdMIL2vTUHiMiUIrE2Kmr3srIw-","part":"1"},{"link":"7G5UuZsLEz9wJUKpxKB00bS.3z6N95wgXCWgNREbbocukGAMyG81NyDCyvKJn5KrB00bSwUC5WtzBzyIyoKFNj3KAc4y83s8Wnujq8DLQ2qi2CRvsdssaw6RzSU3aJ7Lr27qkB00bSVTzwdHrEstQiFrj3kHOqT2DtX4YWPtXdo.i0DJaGqFWpDHcwhxjOM9vd4lS7Z57iyDL10G3RH61yspOw89jAZDAGjVtvCIj4qJwxypciGUu5bmEqPafa5im1iagVt8z2cQS3Hz4Vs9QI8YI.Zw..6B00bS7Ik7zMRq6LzmNNjPwKFI.3NALKt1tlSUTKa.3mB00bSv6Q2XSKqxkB00bSB00bSc1.6eZA1B00bSa0EB00bSoDXPqReNpFqVulH5QB00bSL7iz3ODN4d.KRipdZmcoaJhkg0tWkBZwniMtiblU23m1poY2iJI1TSGHzFN6B00bSZeraS0KA-","part":"2"}],"hoster":"rapidgator","hoster_name":"Rapidgator.net","count":1,"cnl":{"jk":"42336439754d5a456a72334d7266434f","crypted":"l3HYitHWKwcuwo7jOIr5zJac8ByEzk+BzUVhtjZ9AZOnQMpHsu6ynQD3fsXPRvNYFOGMVLCEgoqj9iqBF6NR8M0bHGJGorvQyRdnC6cqJvutTsB+rSZ8cbNPDokhPb\/Wpx1OsRIgko77H9+xj3hoJuxpEjiOoh9HPXdB159UXAp7G4ie652WmdYk4jGhFLInSAZ8cjisZPzbe2rSQrTnk0raGOxnXtcMxH\/z+pXc9C6yxpgcwGsALCYq2VHZDOSAmBbkgghhJ6qLM\/fwaOp7C9YWLBDP0k\/xzzmuIC3GR3j77MNBq4Ey2AM\/zd4huQmwhognliB\/S5z+rIjPESI0uGTU97xvCaag1WCK2F4r8HuUXliFZPlNU1LyhkQmJdqzKA+\/z2BbmNOSLaCFpX1UxYHNrPXQrRH1ptdVXVo5CQYM6\/4r9R29nLcx4lk3IJh3JVdx+7ZyUywAxq0VAkhut\/VJxmb2co333vcISR5IG8Y="}}]}
Error:
<class 'UnicodeDecodeError'> anibot.py 684
[ERROR] Fehler beim hinzufügen von Episode 8 von Der stärkste Held mit dem Mal der Schwäche, wird im nächsten Durchlauf erneut versucht. Ist JDownloader gestartet?
[DOWNLOAD] Lade fehlende Episode 9 von Der stärkste Held mit dem Mal der Schwäche
{'code': 'error', 'message': ['noadblock']}
Need to solve a captcha
Getting captcha images
Got captcha images
Calculating correct captcha
Percentage img 0: 48.44444444444444
Percentage img 1: 48.55555555555556
Percentage img 2: 48.888888888888886
Percentage img 3: 184.55555555555557
Percentage img 4: 48.888888888888886
Correct captcha: Image Nr. 4 with a confidence of 184.55555555555557
Checking if captcha is correct
{"code":"success","message":"Success","info":"downloads","reflink":{"uploaded":"aHR0cDovL3VsLnRvL3JlZi8xNjQ0MDIwMQ==","shareonline":"aHR0cHM6Ly93d3cuc2hhcmUtb25saW5lLmJpei9hZmZpbGlhdGUvY1ZsdWFqQk1MMHR6UmpocVNWZFFUMjgzV2tGT1NHaFhZMUU5UFE=","stream":"4c67b1774f0a6f4483626d1a6830fadd"},"content":[{"links":[{"link":"m8MdUAqSyYXnhmQfeB00bSbg8lw6SfB00bSVmqEJW1l6nY1uyHjVFFlZuccqAYZDb6aO2IOgnV0JxcbN6MePB00bSqeVkBa8HrB00bS2PJAVvH3lrJsR.2rzVTVyD77U.eSbBHQz2b8WVmw2H4jvlBKYws5SexyPXlH.9ww1k2b6THpTyS5JYgdV0J8QhmHbd7vxa1euEaZ3SZwjJ3m.FYU7RQ1pfVUy3KxmI.Tafj1tC226.74SnnB4k5r71IkG8GH1s0DBD6o9lSFJpLB00bSJ4DYOiVTlnJka9HsnIIslGU2fkwqhESMZ2e15m2XR1cmB00bSTMeQuIHDv5UotMPK637fgK6P5ypMZOgDFMIg9pGLpz8Q7Zl.qIApAFB00bSmK5B00bSXYtSmB00bSuxPHBSY1Vw4Pl6k","part":"1"},{"link":"BuShun3aNF0D1Sax9QLeCr8XvtNOtelWSLXncenEBXmsxbKNd76MrxSOz.lYGNkatY8Sp4j6K7ugPsPFXTB00bSnaX8ySGXwRyMYLWbL54CRjVGGB00bSDV61y05ccksuXCujK9Cqa98iKrFvEwzYBv5zWZqYVG6A3YskAsO0ZZnUhDbLiXUlI6h0tO4I0XzNriunqS3rAWrfHRX3FFIgW0nVHz7fM7l1Qbw9sw1x6OgP1yD4aDVLbmbRjHAnAhwwdV8P5JjUFKu7nbmEU6ARMB00bSMyHiNtAhT1w0iXwgrvwvFQ3R0xVVolne6ThhnZE.00dtg0KYm.XLZj.cuJvSS4rBpuzj8FkVVUqHlhMfeO9AbX5VKKPBwmGOK4CFJ53YbWAB9lvR2","part":"2"}],"hoster":"uploaded","hoster_name":"Uploaded.net","count":1,"cnl":{"jk":"3354693762726447f1796d354568306e","crypted":"GZx\/NUrAimBOZk6hH5gbgP8uL80nYP4weHdF6MzSTQ5vmcsa5APLl\/+2CpUaGGOuCzsfUelfOzCpHWop\/rXHegpahscT4FycDcvYJKXuoREUjMMzHxM8NStXUmMqqa1mJ+KnRvNg5iq2Ce7guSEmrB05xX9bx9IYQ2NxmcrJDxHGKknYQH3x+QBZuosYAlyER7zN6Z\/wqQIgvcgMCis7uqlsUMdPmagnhZyJGntjzjZhmVW8GHQ9XI1g3aPF4wwI05BL95u16r4HVHI+X04YiNr259uZIe46\/7a\/basSpMrA4QXc56H8kz0ssc9ix7vGt17vYaRPR24Bx8fV9YVkqwAhrBAss4UOckpZBT7yeoOWw2aT3ryyapPw4N4GYLy+3pk\/gJoqlg442WEzEOZIkA=="}},{"links":[{"link":"xhh9ukeVsbtLCRghDKWMkOi5RuWPYYbBejYLVn6LfTrhh3V3HsEqqTNx9IFdxfLQCkOe6B00bSgnN6kmrZyao0dEo1T.EL.XXfAWblaJXXZghly70X2gzVX.Imt527bssxcbzn50CQUr5HM9yDPxDsKaMk6S6uxE.dUGZnB00bStHvjwn20wB00bS8npBMpMGNboiCPmfsYrdXuS9z6vtFNMhb2SwsPFYMcGb7JEv51nKOXdVRx9duRxpVPyMVmVUfaTFowuX28C7fbBXjvrGTI4iF7vo2v8MskZRHpB00bSegeOp1hBbcZB7RZcZGubl6hW4fWhEiOwt4zuSvY9wHTuDK7uQNSpM5qDuIAi3B00bSwvbB00bSYzLuC0IhsVy50spXmtKVdyR7JJumNH.huD","part":"1"},{"link":"g8QdIzIBP6bu3IdmmNB00bSdqwtntIITK5o0BaDhdrbgeY1KkCraSZPGbCMB.O1bnvBzzlhtJm1EB00bSB00bSHKdxlSEzH95mI35tQL0qrdXDCjBc0b7vcBRF1DcfnB00bSu8bxbhNmHB00bSuyYsVz59dJsRotSKNaCN.wE.8tg0CSpvtMrIoJ594OvB00bSU2KSwA4MpO9aUB0TRDKyn3YeUVN.4y.2wt1w4VaIx4R0EeKq3c41B00bSttWhARI62B00bSba7ME3oYO89edtScvbIJqgull6n.nW4DqlMq2dg9Chc3fLNp1gBUa1sowZGeTShhXOM9UviB.K9oJX4ay.4D60qQfeouavOsjMzVg2HB00bSenYPyjklvgiB00bSsnChKgWAvioAobPCS5YUSKGUGeogKWtyxg7","part":"2"}],"hoster":"ddownload","hoster_name":"ddownload.com","count":1,"cnl":{"jk":"586831305a6d6367a232676e704a4846","crypted":"mCPpTsL9PqFajsVfXQSrBDQ+Cqa6Ck6oqsZqA17r8YgEwNs2zkdsjXX+NyZfTkAh6FWdiHFF8nu9mF+BGvfjXTX7a\/+iYKHfbR+AA1D3o5SFCsWE+FpgZAqU+CmxjfbB37q41qH7UMAK2\/B18oa7Q1EdnRS1tV81aEpZQ8gx6p2bd6g8x2f3c9DhN79CVXhyvH39+fusBv3WbtEMclHdrwq4lytJ4nHfK9LZsc2xtrAnR8wiGqYR7l2VAKXlwx1baKcIp9PZap4E6myDwUEUAQbp7AGz7K1EXQ0xT\/BNXLWSX163eNsGE\/hb72mgQsXyF4Ln8xEMWBBU8hSPVAgcfrGiNV74aN5RwmrGl554546PccumUqUV34j\/bD1Mj3QYXpxdqYAZEaUlKreew8dF4Q=="}},{"links":[{"link":"33F54yKyXS6zj4JBqAZJeKeZLgIi.a6nTulATHPUeSnqVVCcYF.fCyqnPBBB8y8Oj9ptjw9G60bItrTEMtC.F2KB00bSVRQHsKZpsvaKE2oRZdruy6RHueNaDC8fVVGl9e9SYk43dT6ShEtEOH3irN.p.c5EiZs69YBZefgB00bSbOKiWEJrLgCspuZ3qtZGUt2x1dYJh542bkFjN6ealmSpoRs9OnSNG.uEH0dqhph9pudV9IwFjUI9AoSldWEPKidt0KUIQ1.uO7vKUE5YMgdB00bSiGLfeEWdM8SWJzjJj11L95D0Yq3sbqADt789jVGA1SPm8hzL9Zs4fqIFvximS11EQOmT68DqPNejXRT4t5q5WNi8p2pTjfUW.cvSCyB00bSX.UpQ5iMZ9AQSRfXx.jC2B00bSz.5ISB00bStufCW0awz5fxDRBaCTz5arg0-","part":"1"},{"link":"Bv5Ur1Pgz5B00bSxT9P2o6YEmDUt48UaeB00bSUdwWOiTKTuGoWlAvQie.0tjDmJ82Q7B00bS5d.8HGqqqlBPTn4m.cHcsqkPsNDblTGri7cN19sXhStJEjx3id7i4uvQFRBB00bSFl1Pgrn.uRN2E5lYh5pfDEkNmjYslEUEGICeTDSZpHU1hlRG0ZztYgbm7B00bStH5f6OWhMPv4x3JsFMw6zB1OVXG1B00bSB00bSluDxLtnFLt.yqVB4Lzq8RJJDjePcravGiATZtIjCYrN2MxzFUtgfJ8SFpZcWYMNz.RAnD.tgWRfVZGGEcvciaMcn2lYDKsruB00bSHulB00bSFgR9Swn2yClzd51.B00bSAK5cn7bFiyJxnryQWray9JkI9x4XU23.7Wr2dDQLXFf06rvwp137Q0Ka3pCxxyTWwT0dqlOV3nbMB00bSm8f3w7wAhe9LhqP33pKANkA-","part":"2"}],"hoster":"rapidgator","hoster_name":"Rapidgator.net","count":1,"cnl":{"jk":"506f684753304c44363772627a48784b","crypted":"j5Xtcm8V9FJHtBQ1g\/oqskA47bXHH8+2IL+taBKdOLv5iCyXdLV0DjHYIW4Q7sE\/3Wv9fGd2pVyJv7XhTgCPdr+JLDL1I\/\/H2\/tQUDaPc08TuaFxRt2Iw56Cw8xFRPcNgx6mrkJ7BfNEfrQRFJwcdC+OTCqesNKIheiSh+iwE4SdUA7cq1gMsDS8LJCR9a284zVm5CEEwF7URRICt5oO2Qgy7svV4KKYfmNy2U0f9Gj0+yN\/NatRSm8eG81w0kEySehxXmUjFfBt+620Ky6UCuIwiT0GuED2pkOszJY2ukegUYF9eWPpW7iBU\/fXPoEyIN4Jrv19huMhQY3IAgFlB6tQKcNZG+i2E2Nk1bXN3IhH1OQw4Arku6wizAOdYOiTq28InKtuV8SqPyL\/uabgtwa2zzLNVkY1ujYooDBDeO+z9x9KlW26hZl47wTs\/zJ6FB8\/xr3ec8kPEpaqm+h\/YBXLO9+313Atv62wW1LUwnE="}}]}
Error:
<class 'UnicodeDecodeError'> anibot.py 684
[ERROR] Fehler beim hinzufügen von Episode 9 von Der stärkste Held mit dem Mal der Schwäche, wird im nächsten Durchlauf erneut versucht. Ist JDownloader gestartet?
[DOWNLOAD] Lade fehlende Episode 10 von Der stärkste Held mit dem Mal der Schwäche
{'code': 'error', 'message': ['noadblock']}
Need to solve a captcha
Getting captcha images
Got captcha images
Calculating correct captcha
Percentage img 0: 45.55555555555555
Percentage img 1: 46.11111111111111
Percentage img 2: 174.0
Percentage img 3: 45.88888888888889
Percentage img 4: 45.55555555555556
Correct captcha: Image Nr. 3 with a confidence of 174.0
Checking if captcha is correct
{"code":"success","message":"Success","info":"downloads","reflink":{"uploaded":"aHR0cDovL3VsLnRvL3JlZi8xNjQ0MDIwMQ==","shareonline":"aHR0cHM6Ly93d3cuc2hhcmUtb25saW5lLmJpei9hZmZpbGlhdGUvY1ZsdWFqQk1MMHR6UmpocVNWZFFUMjgzV2tGT1NHaFhZMUU5UFE=","stream":"4c67b1774f0a6f4483626d1a6830fadd"},"content":[{"links":[{"link":"v0A.WiwBFBKX.CPTdY.6B00bSbWAJ5FB00bSHZPDMdSYr7oIlZKF5T0MjMB00bSYcqTf12C0ovFEaeOUWknn.gIMxqyvTZftKmYPyMNDQTyVgzRBg9KgcjJ5u3qKTrUwmB00bSdCzizOIAa7J5VDVXgK6xEdjNeL8RvTWoTRmB00bSB00bSLmE2j.oTqidttmO.nXRgkJJRTYm6DeWy2OlM.JNzfubvidxqkAcoQd1HSdOZvsuxVtdllW5F5FHz0tYgLsAaBTqFsoMusBAw1xrI9QdfUvYmD0hIyQ.uaeBf0jmLqGurY1pfXAnIT7Q3HHoDqiDjtwZfyQtTnjdP9YSMVDB00bS6B00bSB00bSKGNB3ijMFtqV5ZeL3xNzsYKmOWIGarlal5LR.bKH5ii9.rMrrvuAr72Q9eO","part":"1"},{"link":"oArNZ4CKwVWR8dOyYTsfwB00bS.B00bSnQmeTkETN4qzpugUHGcu0ziTUfmZYchizokITqH0aap3Sukw2ClbDjr9JRlGIJGjy0W4A74oWRf07gB00bSeN6RiGIZy0QCHF916ZJeaoTD9UCL75gUBW8uOBXa7PT1c8wzgm03Qj5S1BxC.Pqwx8b7qnLgMZ8eYj3bEd8kTDTrx5S6gRh6QcZpiQYMXWpuOkD07O12pWSwxGgkxSrRf4KDxESEJFo5gpcJpGU267acMpSl6jdLPRyhxi4gyTVUatcPIJtI8B00bSDJMawFWIeR4N81NY3miIt38SVB5wYabIpCPMR2KjaSpk9VOgx4szqL5A1tA1l41ChMtek.Y8zZs04jVEsMr4XqUdOvRqeQ6rFJM","part":"2"}],"hoster":"uploaded","hoster_name":"Uploaded.net","count":1,"cnl":{"jk":"71395449577933674a73743034497333","crypted":"ozV2z5rmNV+EhzsrfC3UJgs+SRp9sb9CTKm3K\/OLseVbA05knH+OZ03sftB8wwRh\/UJBkHc6pWq+ItPp58eVWTg3\/zr8WrUh\/p4CEg0ARltY5GicUreVyFYADrjNHAwXuCtF3jGV\/5b3l48gsCRGAeHdpPDsmBWutBnpINzlGmRXSovjnnDni03iTSSz2bPCwXFv8+dqH0JNnh9u02DfRJo9YymWAD+\/BvRuOw8PC8NUA5GI55x5PXon8EeIfstLc6FrHnqwCG9pExT4zup\/5oJe8jUeRG\/yR3BSETyx8sIOTLe6JpDPtBzICiRMIEQeuWOzXG84hmxQqdzjZO7cu1K++zcmwQi8h4yc8abA27LBOQ4TnR4XQE4wJeEG0Xwqj0dD7Hqd5K0zW5kuET+nHg=="}},{"links":[{"link":"rgvBXqCzKGhn0DlFR6kByoH1PsSKsYeHe595mvcj9H76EjB00bSVJBOvHs2RgYooI81usI3hT7vDd8U7H7.WnKjzK358a7RpEvL52ZnopcBwVRwM1o3xb4SQNy8Kjw2CHkezHVVbFB00bS5nXAE9uB00bSZDnu3NhXNyygDVALrkXLSXg.k7iU1FxrpdGLXxmdCX6QGGzoray5eRid7toeoP8jeAW99HBMEv5eMuc6cViRLhYL3LWVIQGNBK7pIH7kXxFMP9B00bS0VgIZAJ5Bhs2c1RvVuWRlL8NsQ3yYxHMei1DRI6EokH5zxdQJdkHF7c.DHxv.THeRWbE3nqxW37gAsa.BMVfAzi.3TjEnDcWL9vGzCUr2dk.B00bSKEKq8LiGT.C4qNWb.oAiqW","part":"1"},{"link":"TEx9MNFuB6MBhgzMJp4jF4.pqsy95uz.xKKqcLZBBElAf1bCx2.uTIGloLrMHjAh3VncChvRpBntDB00bSZern.AzcLZJq.ZyGX1ilxYdvuB00bSSE83Z.cZ14sMHQdzHGiiXUIEQl08dXhQ7fCsjDvD0vSfdmBGbhB00bSBq2Eu9XojiVj1.WTJnLZS0X.9rgyTSkzwE4jFRoCBeEETD8cs7kB00bSk.ZhfVB00bSJiLBqd81B46OcYaBpH9PoGsSEcmDXHo9kigrlZGWLPDva6W74B00bSZvSVTOxC9IREMZyFCflmiOsItKECEzpWvL6ymJyQaIyDjTfQpB00bSlzDOIRlCtPOOXSRbdqaMDcE.4.XiYEgWa9H029X1kOV6hmeAddQB00bSzyx3vB00bSjGMPxZEt4N4I","part":"2"}],"hoster":"ddownload","hoster_name":"ddownload.com","count":1,"cnl":{"jk":"43336765666f46765d7a6a544d455734","crypted":"vwdwqQXMhrprQgWQqBaS9HMcs2JspyBYGL9SfeM1ZSi4m4oSAmwpddgOFMj\/qnj5Y9JcMkuIBEbIPRnNhLJKFn5BQJZzZH8se3YIA0q8v6hylMDegstyf4vni5Wqjb98vM7I3HrAPqikQnj7Z2UxqBxQg+JzXRrIjTlZUhAkgDI9bKZyGPkfB7Srz7i2LQJ2edd+fFcoJbsnGHtMI4s85CSAeQXu522\/On4JllSTDZF\/A1q3huzQrxM+\/VILzSaW+vcizSxLe36tE5VxR7gfYBE86sBHOkM6NUrAMwhmzX7ngv0EgT5dcY+SYv9DCbKUYqa7Qh6cotCJKXQthe4W5dwyOEHJwXr89PS\/6xwQrk84Rg0ztG6S6X3xEvp3JYCXvNmGPwBynbZgo+audij1cw=="}},{"links":[{"link":"vwXN1.5B00bS8u3gtnlxu1T0JGaGlVaLHQvEyYwKB00bSFedYRW8vPwZY43HE9OpB00bSxpGipxNOZKvw21KsUDNXpgcJbQwX0VQAuEkil9djArKxeH9IqzvJK9nOt1TtFC65aAzsB00bSJ9Xl8joXwB00bSGpAM1HhlXg7Fd2Mc2jols7khvJH6uyjsab52.2xKfrI5ahtD8EWLuEy6SJuiMpaAu5d1CPPWmRoNTHxiVt6AljnbeYSwEFXlGAUiPjN0UrHdUpXpjCYp.5DFnpBzAaGHq88FDVjA4cijDhm4BEcX9jooTcOUSptxASXZgGZFKn2cPg4jxYkE6zY9h0T1g.Wzz2c.VUKEpa7Wu0KB00bShwvLO0h8.Y0M48oOs8BrwENHuLe98dcgrfcffAleLfPH1HyoSuQ9hUIxU0djosv4oIQrQa1Pc8qpbXcqOII-","part":"1"},{"link":"B0GQc7aHPg7M8a4RF1go3NUDfbgxKILhBssJdJKyeMLoSYPIEeSEti4B00bSIapIMm1nxsR9eq.NPlq2n2XQ1TWPpxXwwj8E8.bnFqAdC9Q00O98B0HWuR3z.XXJqKQb8mxJ8OeEKgLikGB00bSQ50MeZ6aB4p8PHphM6eJ9h1eqNxXaT3CN0XB00bSXGlPk3oaCaDTW9JCdyBnW.RARLTvcUYTeMj6fx1xmaP.QMFisX4.Cj66NeQLxHI1gvdUR.MbJ7bqWoNYB00bSBAT43RIclKC928Rq0oBH7B00bSjWiqSgUEuzv0gMBjTFOQuI2ZE3prLfq1Ve3Jk4Xg5B00bS0aJEknncp.kr.sSPYAexi.vu6B0GUau7pRdMavEeqN24k8OppHFe7DSHl95sGys8HEXAzfMLTQRooH.lOfHzRp6Pku5Bgx2IenLVYU8V7RA-","part":"2"}],"hoster":"rapidgator","hoster_name":"Rapidgator.net","count":1,"cnl":{"jk":"3052414d315249349b694d5a32716a37","crypted":"GBwW+FnukDY+wbvhnUmrVlyoixHZtYZbJHf\/4p8TltmzA3WW7va9oQCN5LgTEwBy6lgVM7C1gDUCOBySJMrzk7oktsFcMjutS9hcRWwzy9Dfnl7pnhK6DOXs714JBM3D\/3f4MAdymadhipwh3FY0\/TJ8O3qN\/2YS4ubE48+Kpv8zGeh4n89T2lKCctAaOn6PBLdqzlR9e0QKpGMNtu+X93mT+HzXjNxzaYwnQn+amahBjDyUcon83iA\/3XuivGuwxTa27yFkpTOsRtARWpWdRsNJGl1cA8xfYiAvqcnSAH4JS1VL8GaNbDPDtYMt340uB0SSCY6I7YDsB+2uYrti5tceL3yU+cdlwqm63w28k3fAkOEL5IGcOuFIMaazIkf+fpOB\/rpyT+6o4pRAUqHz2Z9W1M5KolWbhCQo8JQci1sLTShKuXX4iebLm175ljWvFiBKZD4lB1T5qHWOtvBeIAkA0Sn+QZvrv6z4\/6clKTA="}}]}
Error:
<class 'UnicodeDecodeError'> anibot.py 684
[ERROR] Fehler beim hinzufügen von Episode 10 von Der stärkste Held mit dem Mal der Schwäche, wird im nächsten Durchlauf erneut versucht. Ist JDownloader gestartet?
[DOWNLOAD] Lade fehlende Episode 11 von Der stärkste Held mit dem Mal der Schwäche
{'code': 'error', 'message': ['noadblock']}
Need to solve a captcha
Getting captcha images
Got captcha images
Calculating correct captcha
Percentage img 0: 49.222222222222214
Percentage img 1: 48.88888888888889
Percentage img 2: 186.44444444444443
Percentage img 3: 49.11111111111111
Percentage img 4: 49.222222222222214
Correct captcha: Image Nr. 3 with a confidence of 186.44444444444443
Checking if captcha is correct
{"code":"success","message":"Success","info":"downloads","reflink":{"uploaded":"aHR0cDovL3VsLnRvL3JlZi8xNjQ0MDIwMQ==","shareonline":"aHR0cHM6Ly93d3cuc2hhcmUtb25saW5lLmJpei9hZmZpbGlhdGUvY1ZsdWFqQk1MMHR6UmpocVNWZFFUMjgzV2tGT1NHaFhZMUU5UFE=","stream":"4c67b1774f0a6f4483626d1a6830fadd"},"content":[{"links":[{"link":"DIsqIdKqecYZVj2uDLyo0i0wZ9bMn62XEDltcub7SRdXyMkYkN80X9DyaV.yrLPm9yDdOjMyFv0DN8kWx6LfopWEJ05cm.QbwyNzaOgR5cR6h2RPKRKjlNUlgjbqrfsFFxXpWh4HGjXvMQOztQZ7El4q.RUb2MCUdZqScNRJXwoB00bSnGqIbymjq4YpWXoMfJq2IPB00bS7wQAbCIHBJDcs60e8UdUDFnKAHBqrgiTh9Ej43K1bAso3D0Jxdd3B00bSSP8PZflT0DhCtQpbS0JM.r5HpbN6tRlQGTM69dwl9bG01yBYuhCgui.1nzPGeL1rqzjGJ.1pfIKPfN5GZONvc7JizyD464HsGZSEFmkEcBaAWiKMNXgSElB00bSca2ADfJ7R4JEV14Vp","part":"1"},{"link":"BVJvLHrgm4dBIqCtEKsAl9d0gwzahAQKH8yRukqOWwbRD9k8B00bSsENbX5dJn7b2mbvcsDmIgmhbMYs3C1bxj8IAVgrQTQmnuPHd5CW9.KM03RUCy9n3tZz6mRJ53CyHtBwyvP09RtO1YevtYbD4uXLhSYjd1B00bSANV8btfkjkFm6oon5MpyjHSAB00bSESNgchvnGnDtUEfbgxqHAigr9I5vMaPzz7JZdoZgVTTtaH8ChYjv7SnmDGZggHVr02qaDTCwJRPZortREXXbr1L8uNc6optq9cpfXgQd3WyKzpROwPu6Aw6OU98b6EtTeMfBHbyYiTcXLVdM9EHay9Bi3wRR8TAesd4MikCb36TqIFHPJHyrc4Y1QEMWs7naQcPUCB00bSQp4Ao8","part":"2"}],"hoster":"uploaded","hoster_name":"Uploaded.net","count":1,"cnl":{"jk":"5434335a475678332232477351434878","crypted":"H+QRw+uhHlIwe73twbJdoG2eOVhGLyaRntqnAShdS2hb0ztCdVEJcPPENPMBJLWUfzAomWT0M2XsQJzlLN8749DbesLXuQeDbfBsgrJVXH2e+LTbHNAtulHr4jrkiXA3ZchT8dSvJ1PSpZTukgEY3RxAPqs4YdAgPkeXKkaQMfD\/Zn2VawOEcypFVjFHlRJgTHKD7hxjgGOHYD\/apQy7ZWtks4679XL8G3prxjXWKoyA8\/hHAQq0MhkIcsUFBhEKJfbAkrmtDdtf+GifsK89GZxV2BpqQEnvbTwZHnNbK2e3E9yaT9FZGL9kCgpLOaLxovfrfghZsfOoqCVW9h7WH3QNiRP0wns6riabRMNpS75XYVyLQOjP8HUaWqJIthKD+H\/MBgCMmYu71KdztT2Tlg=="}},{"links":[{"link":"l70aZ.zFke5B00bS4.UqqiQaMUyexrxbhJhVEXuDOOrstV4eSnDv78RJEYwdfU2UPqsQV4J0mpvR0GrrDMrnOfR7OjxZ20bNecayI3qIaR9bcdmX0lWDPDX7OocWdw8CYA4iD7r7R59kfxsysWWZ8CQ47m3mHW9rYy2wvz5tMrcctQzNvNXQnZZg3R3RZM53fxjhQhAKmXrJnKNE56gzVo0dhccp35UNCeV.YQm1NS72lZwtqi0zHMUh4ukSyjhxFGjVRQJV7ffPipEquNBZCq6KrU3bsjIuupjTI2sYEDB00bSZY73eUGXkA6zpoFDwZB00bSOoKi.CSz1EU5B00bSrf5QoyCwll4dcmZmsNusIIMhqCz7zFLIZtB00bS57KzpJUDLlCKP7ldcRLi0q","part":"1"},{"link":"tCq0f8j0B00bSZA8apKA8g8qB00bSZ42d3N.CQzIFu9j9G4df2Pp2hY4yus7fIKe02taU1924VP5IxgZlqby9maeaONpLQ5BHVhyTWfxTeF1RPM3SUcHOMOHVDTnvpxFtvpM46Fejqli5tWPYwj0B00bSe70r0rj1nrlJBXjP98gRR4AmNONldEf3Y9Ic7hObvPASYkRrepyCwcpqzWB00bSNHaBHWMlCVqu5TXS2UECLAwOCaKqxdSGhMwI4NynIUxP2hBOfQ8udEREp8Ogx3ibhGxsKF0aR9I4kj1xwavIxy53tOjTTPj.vvMVGn2zTwHxdAhLhu99VoLAzwlGo5GZoTgMIMuck9ysh1MBWBJxm3mTtRUMCHakB.wOGyBJgvQMzyziMB00bSA9sLDj","part":"2"}],"hoster":"ddownload","hoster_name":"ddownload.com","count":1,"cnl":{"jk":"496e5638636b3854a751356d42704b43","crypted":"KGMjI7WDuFnL6F3bSWZKwvofy2hEqoP2QzRxKVs21HqvA37d\/B\/mnjher7Ra\/4KYzwzeKqO+1Rralo18whHXTo9Y\/3U\/C1RVe4dnIaKDOuQzbjzYJoF5VJ+EMg43I+8Uw7O8lKwxVvSWmsLoyW1jfGU8G4BahYZqEDK19d7Kw62CYz6R2jIs3NQ80igUSmoGts4WvAgRbqu6fqpnoIyC1k29d2sGquEabMLSlIOK7WPQZKJQXP80R58dosL68OuF5Euqt6fO2Sw6Q7rrRWqBgebSY6Bkeczak4cAsEGdqlAbeHUOnWE6dWdiXQ0IOKwtULtESsEfHWL7O\/VYttOGBPyEu8NyHtm1lRiZaz7UJaqRlLlXA4zgtqmhwJ0aZJfCWpzCTOSYcJWCbLxjoNHang=="}},{"links":[{"link":"r8TJFUSc.vQHN4mqA4GpucbJItCB00bSHbhSBxR4co6.HMeKwoDOFHVj1ixDNNyL1TBqwKhWaF4n.wCuQl2ikiKtirxhh1lHxoJSS5CJJ4n635s66f6zG6q7ezuMHael50Qy1uh2oQLDpqQXHvKEdb70DxXNFLROBHLSD2IKLHrZbo2W203VeJROymYxxJrG491zB00bS3tPXrCxG8g1B00bSzkk1IylX5iQH0B3qaWM4k.l65tHzg.B00bSgpMpCcOvNwNB00bSAQrQHEuk1KPvg8iKzlhXTnQLkn719n.jpPNRVHm0V3BdrQBrZoMvozTxEwIUEman2DAO10XIMkzo1e.ZP0vSQsQDIcDB.lkDHR4B00bS7QH6.F7fclETWzeL4qCB00bSd8LujFlFJVvVKX0WLmhsXRCut7neunJxZmZsRW0DlzK6pxe7i7Ot1VIcTlc-","part":"1"},{"link":"Qs8c9FRWw21GWQWFWi6M5GI6z7EIN.4B00bS4Te5wbB00bSZV3oppnFz79hTKdMYVlwxov7bUQrgBB00bSlVmoDVLaVB00bSkzKP6onypDB00bSqYIq3MbdQJ0jDS2FbiUVL5hrMWCmONZYkN7Xgf7ZZ.fCnvTcyoDPJFYOp9u1c2cA67eGb60oMvBb7nrQnOO6pMbutwnP6fS82MW8Ai1VZXpjSSAQ7sS9318TcMLjTGfc0ksyMkP8lriB00bSL71ZKOy0oUSn1PNi1q55mCa7K9hpfS.x5uZEAdhIj0ScVH3ff1SmBvzmftZvlJpB00bSHfRmFkHuDa5M4XJ.8Zg.7mWd3e8WIHBMB00bSBE8CJQZvnd1TdFNAOohx3EvVda3nLYwcM3gzsvB3jl8GGNB00bSrzPrt9xIXEqMeSjAImYt8npEVL2sGAxCUpIra6pMEpslJB00bShTZ8Sk-","part":"2"}],"hoster":"rapidgator","hoster_name":"Rapidgator.net","count":1,"cnl":{"jk":"6a666e6f476545647275644f78314166","crypted":"XIKI+cK4SP\/F5vyTIbOh2OLK3tVC+yrvJ4iCcnmLqWHlnFS0R06iTp+KkOYOp6P\/vipV9X0dxn7BBXvKdAurZo+0A2mMJleWWJN0diwvMTigynukH\/LCubu+oUf+Fo3qFnzkXvUpV16wjdX5Ri6amw3ey+0sF5865jNh7h64S2etCWCAu8+JODNLNjPsph+XTlqm787OnDfoOpVkLBG\/DkkOoaGy\/RJRYj7srXmQzs33xCLnvQdQZPQL2yRG42\/2Yh1C\/9Oa8LmFritrP2st7+RxsYe8yQCMH0OS03EjUIByed\/n3Z3ow2UEwbLIX7MXcUv62EvgyKqzF9AyrN8yYTawsj468u+GEtt43l\/DzwBN0dojBbm6Pz2DApN4eP8y6rcnb2cBAL2Bybd03v73vTYOCb7nZf2EwYo0VQzr3PmJ6BNI\/lTEFX6rO4KsnPc7bRVPozlpXdFDL0NO5W3NaOFoTUFEyVf9TJWImhvKVVI="}}]}
Error:
<class 'UnicodeDecodeError'> anibot.py 684
[ERROR] Fehler beim hinzufügen von Episode 11 von Der stärkste Held mit dem Mal der Schwäche, wird im nächsten Durchlauf erneut versucht. Ist JDownloader gestartet?
[INFO]Der stärkste Held mit dem Mal der Schwäche hat keine neuen Folgen verfügbar
[18:29:03] Prüfe Tribe Nine auf updates
[INFO]Tribe Nine hat keine neuen Folgen verfügbar
Failed to get Anime, skipping...
[18:29:09] Prüfe Miss Kuroitsu from the Monster Development Department auf updates
[INFO]Miss Kuroitsu from the Monster Development Department hat keine neuen Folgen verfügbar
[18:29:10] Prüfe She Professed Herself Pupil of the Wise Man auf updates
[INFO]She Professed Herself Pupil of the Wise Man hat keine neuen Folgen verfügbar
[18:29:11] Prüfe 86: Eighty Six (Staffel 2) auf updates
[INFO]86: Eighty Six (Staffel 2) hat keine neuen Folgen verfügbar
[18:29:12] Prüfe Ghost in the Shell: Stand Alone Complex - The Laughing Man auf updates
[INFO]Ghost in the Shell: Stand Alone Complex - The Laughing Man hat keine neuen Folgen verfügbar
[18:29:13] Prüfe Ghost in the Shell: S.A.C 2nd GIG - Individual Eleven auf updates
[INFO]Ghost in the Shell: S.A.C 2nd GIG - Individual Eleven hat keine neuen Folgen verfügbar
[18:29:14] Prüfe Star Wars: Visionen auf updates
[INFO]Star Wars: Visionen hat keine neuen Folgen verfügbar
[18:29:16] Prüfe Attack on Titan Staffel 3 auf updates
[INFO]Attack on Titan Staffel 3 hat keine neuen Folgen verfügbar
[18:29:18] Prüfe The Seven Deadly Sins: Urteil des Drachen auf updates
[INFO]The Seven Deadly Sins: Urteil des Drachen hat keine neuen Folgen verfügbar
[18:29:20] Prüfe I’m Standing on a Million Lives (Staffel 2) auf updates
[INFO]I’m Standing on a Million Lives (Staffel 2) hat keine neuen Folgen verfügbar
[18:29:21] Prüfe Platinum End auf updates
[INFO]Platinum End hat keine neuen Folgen verfügbar
Failed to get Anime, skipping...
[18:29:23] Prüfe Arifureta: From Commonplace to World’s Strongest 2nd Season auf updates
[INFO]Arifureta: From Commonplace to World’s Strongest 2nd Season hat keine neuen Folgen verfügbar
[18:29:24] Prüfe Attack on Titan Final Season Part 2 auf updates
[INFO]Attack on Titan Final Season Part 2 hat keine neuen Folgen verfügbar
[18:29:26] Prüfe Attack on Titan Staffel 3 (Teil 2) auf updates
[INFO]Attack on Titan Staffel 3 (Teil 2) hat keine neuen Folgen verfügbar
[18:29:27] Prüfe The Case Study of Vanitas (Staffel 2) auf updates
[INFO]The Case Study of Vanitas (Staffel 2) hat keine neuen Folgen verfügbar
[18:29:28] Prüfe How a Realist Hero Rebuilt the Kingdom Teil 2 auf updates
[INFO]How a Realist Hero Rebuilt the Kingdom Teil 2 hat keine neuen Folgen verfügbar
[18:29:33] Prüfe Build-Divide: #ffffff Code White auf updates
[INFO]Build-Divide: #ffffff Code White hat keine neuen Folgen verfügbar
[18:29:36] Prüfe Build-Divide -#000000- Code Black auf updates
[INFO]Build-Divide -#000000- Code Black hat keine neuen Folgen verfügbar
[18:29:38] Prüfe Requiem of the Rose King auf updates
[INFO]Requiem of the Rose King hat keine neuen Folgen verfügbar
[18:29:39] Prüfe Meine Wiedergeburt als Schleim in einer anderen Welt Season 2 auf updates
[INFO]Meine Wiedergeburt als Schleim in einer anderen Welt Season 2 hat keine neuen Folgen verfügbar
[18:29:40] Prüfe Trapped in a Dating Sim: The World of Otome Games Is Tough for Mobs auf updates
[INFO]Trapped in a Dating Sim: The World of Otome Games Is Tough for Mobs hat keine neuen Folgen verfügbar
[18:29:41] Prüfe Girls Frontline auf updates
[INFO]Girls Frontline hat keine neuen Folgen verfügbar
Failed to get Anime, skipping...
[18:29:42] Prüfe Yashahime: Princess Half-Demon (Staffel 2) auf updates
[INFO]Yashahime: Princess Half-Demon (Staffel 2) hat keine neuen Folgen verfügbar
[18:29:43] Prüfe Don’t Hurt Me, My Healer! auf updates
[INFO]Don’t Hurt Me, My Healer! hat keine neuen Folgen verfügbar
[18:29:44] Prüfe Shikimori’s Not Just a Cutie auf updates
[INFO]Shikimori’s Not Just a Cutie hat keine neuen Folgen verfügbar
[18:29:48] Prüfe Kaguya-Sama: Love Is War - Ultra Romantic auf updates
[INFO]Kaguya-Sama: Love Is War - Ultra Romantic hat keine neuen Folgen verfügbar
[18:29:50] Prüfe Aharen-san wa Hakarenai auf updates
[INFO]Aharen-san wa Hakarenai hat keine neuen Folgen verfügbar
[18:29:51] Prüfe Spy × Family auf updates
[INFO]Spy × Family hat keine neuen Folgen verfügbar
Failed to get Anime, skipping...
[18:29:55] Prüfe Vinland Saga auf updates
[INFO]Vinland Saga hat keine neuen Folgen verfügbar
[18:30:00] Prüfe Attack on Titan Staffel 2 auf updates
[INFO]Attack on Titan Staffel 2 hat keine neuen Folgen verfügbar
[18:30:03] Prüfe Our Last Crusade or the Rise of a New World auf updates
[INFO]Our Last Crusade or the Rise of a New World hat keine neuen Folgen verfügbar
[18:30:04] Prüfe In the Heart of Kunoichi Tsubaki auf updates
[INFO]In the Heart of Kunoichi Tsubaki hat keine neuen Folgen verfügbar
[18:30:05] Prüfe RPG Real Estate auf updates
[INFO]RPG Real Estate hat keine neuen Folgen verfügbar
[18:30:06] Prüfe The Greatest Demon Lord Is Reborn as a Typical Nobody auf updates
[INFO]The Greatest Demon Lord Is Reborn as a Typical Nobody hat keine neuen Folgen verfügbar
[18:30:07] Prüfe The Rising of the Shield Hero Staffel 2 auf updates
[INFO]The Rising of the Shield Hero Staffel 2 hat keine neuen Folgen verfügbar
[18:30:08] Prüfe I’m Quitting Heroing auf updates
[INFO]I’m Quitting Heroing hat keine neuen Folgen verfügbar
[18:30:09] Prüfe Estab-Life: Great Escape auf updates
[INFO]Estab-Life: Great Escape hat keine neuen Folgen verfügbar
[18:30:11] Prüfe Danmachi: Is It Wrong to Try to Pick Up Girls in a Dungeon? Familia Myth III auf updates
[INFO]Danmachi: Is It Wrong to Try to Pick Up Girls in a Dungeon? Familia Myth III hat keine neuen Folgen verfügbar
[18:30:13] Prüfe By the Grace of the Gods auf updates
[INFO]By the Grace of the Gods hat keine neuen Folgen verfügbar
[18:30:15] Prüfe Chaika, die Sargprinzessin: Avenging Battle auf updates
[INFO]Chaika, die Sargprinzessin: Avenging Battle hat keine neuen Folgen verfügbar
[18:30:16] Prüfe Food Wars! The Fourth Plate auf updates
[INFO]Food Wars! The Fourth Plate hat keine neuen Folgen verfügbar
[18:30:18] Prüfe The Dawn of the Witch auf updates
[INFO]The Dawn of the Witch hat keine neuen Folgen verfügbar
[18:30:19] Prüfe Skeleton Knight in Another World auf updates
[INFO]Skeleton Knight in Another World hat keine neuen Folgen verfügbar
[18:30:20] Prüfe That Time I Got Reincarnated as a Slime Season 2 (Teil 2) auf updates
[INFO]That Time I Got Reincarnated as a Slime Season 2 (Teil 2) hat keine neuen Folgen verfügbar
[18:30:21] Prüfe World’s End Harem auf updates
[INFO]World’s End Harem hat keine neuen Folgen verfügbar
[18:30:23] Prüfe Saekano: How to Raise a Boring Girlfriend auf updates
[INFO]Saekano: How to Raise a Boring Girlfriend hat keine neuen Folgen verfügbar
[18:30:24] Prüfe Saekano: How to Raise a Boring Girlfriend - Fan-Service der Liebe und Jugend auf updates
[INFO]Saekano: How to Raise a Boring Girlfriend - Fan-Service der Liebe und Jugend hat keine neuen Folgen verfügbar
[18:30:26] Prüfe Saekano: How to Raise a Boring Girlfriend.flat auf updates
[INFO]Saekano: How to Raise a Boring Girlfriend.flat hat keine neuen Folgen verfügbar
[18:30:27] Prüfe Saekano the Movie: Finale auf updates
[INFO]Saekano the Movie: Finale hat keine neuen Folgen verfügbar
[18:30:28] Prüfe Jujutsu Kaisen auf updates
[INFO]Jujutsu Kaisen hat keine neuen Folgen verfügbar
[18:30:30] Prüfe A Couple of Cuckoos auf updates
[INFO]A Couple of Cuckoos hat keine neuen Folgen verfügbar
[18:30:32] Prüfe Meine Wiedergeburt als Schleim in einer anderen Welt auf updates
[INFO]Meine Wiedergeburt als Schleim in einer anderen Welt hat keine neuen Folgen verfügbar
[18:30:34] Prüfe Bubble auf updates
[INFO]Bubble hat keine neuen Folgen verfügbar
[18:30:37] Prüfe Fire Force Staffel 2 auf updates
[INFO]Fire Force Staffel 2 hat keine neuen Folgen verfügbar
[18:30:39] Prüfe Kubikiri Cycle: Aoiro Savan to Zaregoto Tsukai (クビキリサイクル 青色サヴァンと戯言遣い) auf updates
[INFO]Kubikiri Cycle: Aoiro Savan to Zaregoto Tsukai (クビキリサイクル 青色サヴァンと戯言遣い) hat keine neuen Folgen verfügbar
[18:30:40] Prüfe Mr Love: Queen’s Choice auf updates
[INFO]Mr Love: Queen’s Choice hat keine neuen Folgen verfügbar
[18:30:41] Prüfe Interspecies Reviewers auf updates
[INFO]Interspecies Reviewers hat keine neuen Folgen verfügbar
[18:30:42] Prüfe Second Inofficial Examination The Animation auf updates
[INFO]Second Inofficial Examination The Animation hat keine neuen Folgen verfügbar
[18:30:43] Prüfe Fuzzy Lips auf updates
[INFO]Fuzzy Lips hat keine neuen Folgen verfügbar
[18:30:43] Prüfe Foxy Lady auf updates
[INFO]Foxy Lady hat keine neuen Folgen verfügbar
[18:30:43] Prüfe Heimliche Blicke auf updates
[INFO]Heimliche Blicke hat keine neuen Folgen verfügbar
[18:30:45] Prüfe Sword Art Online: Alicization - War of Underworld (Teil 2) auf updates
[INFO]Sword Art Online: Alicization - War of Underworld (Teil 2) hat keine neuen Folgen verfügbar
[18:30:47] Prüfe Tenchi Muyo! (Episode 8 - 13) auf updates
[INFO]Tenchi Muyo! (Episode 8 - 13) hat keine neuen Folgen verfügbar
[18:30:47] Prüfe Tenchi Muyo! (Episode 1 - 6) auf updates
[INFO]Tenchi Muyo! (Episode 1 - 6) hat keine neuen Folgen verfügbar
[18:30:48] Prüfe Tenchi Muyo! (Episode 7) auf updates
[INFO]Tenchi Muyo! (Episode 7) hat keine neuen Folgen verfügbar
[18:30:49] Prüfe Pacific Rim: The Black - Staffel 2 auf updates
[INFO]Pacific Rim: The Black - Staffel 2 hat keine neuen Folgen verfügbar
[18:30:49] Prüfe Magia Record: Puella Magi Madoka Magica Side Story Final Season - The Dawn of the Ephemeral Dream auf updates
[INFO]Magia Record: Puella Magi Madoka Magica Side Story Final Season - The Dawn of the Ephemeral Dream hat keine neuen Folgen verfügbar
[18:30:51] Prüfe Magia Record: Puella Magi Madoka Magica Side Story Staffel 2 auf updates
[INFO]Magia Record: Puella Magi Madoka Magica Side Story Staffel 2 hat keine neuen Folgen verfügbar
[18:30:52] Prüfe Mushoku Tensei: Jobless Reincarnation OVA auf updates
[INFO]Mushoku Tensei: Jobless Reincarnation OVA hat keine neuen Folgen verfügbar
[18:30:53] Prüfe The Promised Neverland Staffel 2 auf updates
[INFO]The Promised Neverland Staffel 2 hat keine neuen Folgen verfügbar
[18:30:54] Prüfe Miss Kobayashi’s Dragon Maid S: Japanische Gastfreundschaft - Der Reiseführer ist ein Drache auf updates
[INFO]Miss Kobayashi’s Dragon Maid S: Japanische Gastfreundschaft - Der Reiseführer ist ein Drache hat keine neuen Folgen verfügbar
[18:30:56] Prüfe Brynhildr in the Darkness auf updates
[INFO]Brynhildr in the Darkness hat keine neuen Folgen verfügbar
[18:30:57] Prüfe Astra Lost in Space auf updates
[INFO]Astra Lost in Space hat keine neuen Folgen verfügbar
[18:30:58] Prüfe Starship Operators auf updates
[INFO]Starship Operators hat keine neuen Folgen verfügbar
[18:31:00] Prüfe Hellsing Ultimate OVA auf updates
[INFO]Hellsing Ultimate OVA hat keine neuen Folgen verfügbar
[18:31:02] Prüfe Kill la Kill auf updates
[INFO]Kill la Kill hat keine neuen Folgen verfügbar
[18:31:03] Prüfe Vampire in the Garden auf updates
[INFO]Vampire in the Garden hat keine neuen Folgen verfügbar
[18:31:04] Prüfe Food Wars! The Fourth Plate auf updates
[INFO]Food Wars! The Fourth Plate hat keine neuen Folgen verfügbar
[18:31:06] Prüfe Ultraman: Staffel 2 auf updates
[INFO]Ultraman: Staffel 2 hat keine neuen Folgen verfügbar
[18:31:06] Prüfe Ultraman auf updates
[INFO]Ultraman hat keine neuen Folgen verfügbar
[18:31:07] Prüfe Science Fell in Love, So I Tried to Prove It: r=1-sin0 auf updates
[INFO]Science Fell in Love, So I Tried to Prove It: r=1-sin0 hat keine neuen Folgen verfügbar
[18:31:08] Prüfe Kaguya-sama: Love Is War - Ultra Romantic auf updates
[INFO]Kaguya-sama: Love Is War - Ultra Romantic hat keine neuen Folgen verfügbar
[18:31:09] Prüfe The Rising of the Shield Hero Season 2 auf updates
[INFO]The Rising of the Shield Hero Season 2 hat keine neuen Folgen verfügbar
[18:31:10] Prüfe Komi Can’t Communicate (Teil 2) auf updates
[INFO]Komi Can’t Communicate (Teil 2) hat keine neuen Folgen verfügbar
[18:31:11] Prüfe Bastard!! Der Gott der Zerstörung auf updates
[INFO]Bastard!! Der Gott der Zerstörung hat keine neuen Folgen verfügbar
[18:31:12] Prüfe Dr. Stone Special Episode: Ryusui auf updates
[INFO]Dr. Stone Special Episode: Ryusui hat keine neuen Folgen verfügbar
[18:31:12] Prüfe Spriggan auf updates
[INFO]Spriggan hat keine neuen Folgen verfügbar
[18:31:13] Prüfe Miss Shachiku and the Little Baby Ghost auf updates
[INFO]Miss Shachiku and the Little Baby Ghost hat keine neuen Folgen verfügbar
[18:31:14] Prüfe Lycoris Recoil auf updates
[INFO]Lycoris Recoil hat keine neuen Folgen verfügbar
[18:31:15] Prüfe Tokyo Ghoul:re (Staffel 2) auf updates
[INFO]Tokyo Ghoul:re (Staffel 2) hat keine neuen Folgen verfügbar
[18:31:18] Prüfe Tokyo Ghoul:re auf updates
[INFO]Tokyo Ghoul:re hat keine neuen Folgen verfügbar
[18:31:21] Prüfe Junji Ito Collection auf updates
[INFO]Junji Ito Collection hat keine neuen Folgen verfügbar
[18:31:22] Prüfe Haven't You Heard? I'm Sakamoto auf updates
[INFO]Haven't You Heard? I'm Sakamoto hat keine neuen Folgen verfügbar
[18:31:23] Prüfe Jingai-san no Yome auf updates
[INFO]Jingai-san no Yome hat keine neuen Folgen verfügbar
[18:31:24] Prüfe Ascendance of a Bookworm (Teil 3) auf updates
[INFO]Ascendance of a Bookworm (Teil 3) hat keine neuen Folgen verfügbar
[18:31:25] Prüfe Ascendance of a Bookworm (Teil 2) auf updates
[INFO]Ascendance of a Bookworm (Teil 2) hat keine neuen Folgen verfügbar
[18:31:26] Prüfe Kakegurui Twin auf updates
[INFO]Kakegurui Twin hat keine neuen Folgen verfügbar
[18:31:26] Prüfe RWBY: Ice Queendom auf updates
[INFO]RWBY: Ice Queendom hat keine neuen Folgen verfügbar
[18:31:27] Prüfe Ascendance of a Bookworm auf updates
[INFO]Ascendance of a Bookworm hat keine neuen Folgen verfügbar
[18:31:29] Prüfe Danmachi: Is It Wrong to Try to Pick Up Girls in a Dungeon? Familia Myth IV auf updates
[INFO]Danmachi: Is It Wrong to Try to Pick Up Girls in a Dungeon? Familia Myth IV hat keine neuen Folgen verfügbar
[18:31:30] Prüfe Bang Dream! Film Live 2nd Stage auf updates
[INFO]Bang Dream! Film Live 2nd Stage hat keine neuen Folgen verfügbar
[18:31:31] Prüfe Uncle from Another World auf updates
[INFO]Uncle from Another World hat keine neuen Folgen verfügbar
[18:31:32] Prüfe Engage Kiss auf updates
[INFO]Engage Kiss hat keine neuen Folgen verfügbar
[18:31:33] Prüfe Black Summoner auf updates
[INFO]Black Summoner hat keine neuen Folgen verfügbar
[18:31:34] Prüfe Extreme Hearts auf updates
[INFO]Extreme Hearts hat keine neuen Folgen verfügbar
[18:31:34] Prüfe The Maid I Hired Recently Is Mysterious auf updates
[INFO]The Maid I Hired Recently Is Mysterious hat keine neuen Folgen verfügbar
Schlafe 600 Sekunden
