[INFO] Link Click: Bridon Arc hat keine neuen Folgen verfügbar
[INFO] Update ani.json
[10:12:40] Prüfe Bleach: Thousand-Year Blood War - The Calamity auf updates
[INFO] Bleach: Thousand-Year Blood War - The Calamity hat keine neuen Folgen verfügbar
[INFO] Update ani.json
[10:12:41] Prüfe Kamui: He’s Behind You auf updates
[INFO] Kamui: He’s Behind You hat keine neuen Folgen verfügbar
[INFO] Update ani.json
Schlafe 600 Sekunden
[10:22:42] Prüfe Link Click: Bridon Arc auf updates
[INFO] Link Click: Bridon Arc hat fehlende Episode(n)
[DOWNLOAD] Lade fehlende Episode 6 von Link Click: Bridon Arc
{'enc': b'WyJtZWRpYSIsInNoaWd1YW5nLWRhaWxpcmVuLXlpbmctZHUtcGlhbiIsImRvd25sb2FkcyIsMiw1XQ==', 'response': 'nocaptcha'}
Starte browser für download link parsing...
creating cookie...
Open anime url: https://www.anime-loads.org/media/shiguang-dailiren-ying-du-pian ...
Parsing download link ...
-----------REQUEST-----------
var xhr = new XMLHttpRequest(); xhr.open('POST', 'https://www.anime-loads.org/ajax/captcha', false); xhr.setRequestHeader('Content-type', 'application/x-www-form-urlencoded'); xhr.send('enc=WyJtZWRpYSIsInNoaWd1YW5nLWRhaWxpcmVuLXlpbmctZHUtcGlhbiIsImRvd25sb2FkcyIsMiw1XQ==&response=nocaptcha'); return xhr.response
-----------------------------
-----------RESPONSE-----------
{"code":"success","message":"Success","info":"downloads","reflink":{"ddownload":"aHR0cHM6Ly9kZG93bmxvYWQuY29tL2ZyZWUzMDM3MzIuaHRtbA==","rapidgator":"aHR0cHM6Ly9yYXBpZGdhdG9yLm5ldC9hY2NvdW50L3JlZ2lzdHJhdGlvbi9yZWYvNTEwMzA2NA==","stream":"13a9ffb35d3b5c4ede249a879ec62599"},"content":{"1":{"links":[{"link":"E9eB00bSZQIpN3BQ7xQtTomdB00bSIEB00bSCXSuq4tITij3r.RPoNvNjF23vDOHOyVwGmTCUYxjJrOvFmUb3vYqDwS6I1ONZGRqg3LDW34sWGX9KuKBmQyywEL4wH9L6w4dDkHZ.MRuQ970D6tjuzLUMVjWVKdWqd7m0vIM3jxMreM3nYW7GlncKelzd34O0urE9uXQellLp1B00bSabfWmw5anoplHWEYT8iB00bSgewRq4F8DYrLzvlp3aK6LlKx5b034NxbopV4l6dCFBiQpk.bU4gZDFK0OviNWBMX4LTB00bSylyjrLPT.Yi613SX5W8Pq5T116yzBV2DWcryeCU3qX1v9oCzslwXnlZnWZfB00bSJ4tY.4CB00bS2rHzBcwgVEDBgE1JXSOBwQciipgi1IB00bSP4","part":"1"},{"link":"e3j.tZkjjmNVl70XTy.UVhk6TSRMP3re.jSH5HWU.B00bSIhgSRQhlWXQXrR8BrVZ9ZgV..xB00bSFIxJ3cdspxePlF9foiTdX14jXaO23SFtVnJhB00bSavqR32gTNTjQG5EKnX9ovf7wP8CA8CodOrE0kvohlRwp7PGxo3LCceZgMygEzy2raRLa7jBNvamoVqXEoQKGTsxkQV1jH4378cwMQIZM5qf7VVNBQqPSKElqD6BFINfJbw1dUbbn6LROagl.kyB4t2eqOCJd3gHbvB00bSE03U6OOFmLUB00bSMECLxbussF8PzNDuUtYZ1VoH9DKr4beWg0eMHB00bSDg5ZAXs6eE.6TBNVvEplaQQXkIgExG8dfwp106ahHRl60waB00bSvyQn60tqxcC7UYflSt","part":"2"}],"hoster":"rapidgator","hoster_name":"Rapidgator.net","count":1,"cnl":{"jk":"6c6e64576a5a435799616143506b4b30","crypted":"gDkdglLN2o+u+AFUGHsxdT2W1jpzt79tKReY1wc3xh91f2Z44+hck+kJXENf\/AVsnH5IyVHLOCO3wCEKeqRk9655vpuCblXWKiMyi3pAHH4wEtb0LbvipErjqS3Kyq0zWjp42B0jYpLiPQhGsKZAk5Ijq60Mk6Y\/qvX8w8RMD+WKwyYY8t3TDiqwveUBCkLXiEiL73uIB6qpIllJIbc2BpqwDDX+V2lOS59j4y5wBAFt2M+aWyBho1BDHhIaexk+o5IXv8HyY2DHPFwFV5C5T8PHyntICjushWxQ8bVWVe6+TemsnEQINyFAJmxMVR9kmuG1lfq3HeMf48seLkd+1fl1ZRJRWpvvI0ZyvsHzumPYmpuhfmIEKCAeho\/5jLy+"}}}}
-----------------------------
{'code': 'success', 'message': 'Success', 'info': 'downloads', 'reflink': {'ddownload': 'aHR0cHM6Ly9kZG93bmxvYWQuY29tL2ZyZWUzMDM3MzIuaHRtbA==', 'rapidgator': 'aHR0cHM6Ly9yYXBpZGdhdG9yLm5ldC9hY2NvdW50L3JlZ2lzdHJhdGlvbi9yZWYvNTEwMzA2NA==', 'stream': '13a9ffb35d3b5c4ede249a879ec62599'}, 'content': {'1': {'links': [{'link': 'E9eB00bSZQIpN3BQ7xQtTomdB00bSIEB00bSCXSuq4tITij3r.RPoNvNjF23vDOHOyVwGmTCUYxjJrOvFmUb3vYqDwS6I1ONZGRqg3LDW34sWGX9KuKBmQyywEL4wH9L6w4dDkHZ.MRuQ970D6tjuzLUMVjWVKdWqd7m0vIM3jxMreM3nYW7GlncKelzd34O0urE9uXQellLp1B00bSabfWmw5anoplHWEYT8iB00bSgewRq4F8DYrLzvlp3aK6LlKx5b034NxbopV4l6dCFBiQpk.bU4gZDFK0OviNWBMX4LTB00bSylyjrLPT.Yi613SX5W8Pq5T116yzBV2DWcryeCU3qX1v9oCzslwXnlZnWZfB00bSJ4tY.4CB00bS2rHzBcwgVEDBgE1JXSOBwQciipgi1IB00bSP4', 'part': '1'}, {'link': 'e3j.tZkjjmNVl70XTy.UVhk6TSRMP3re.jSH5HWU.B00bSIhgSRQhlWXQXrR8BrVZ9ZgV..xB00bSFIxJ3cdspxePlF9foiTdX14jXaO23SFtVnJhB00bSavqR32gTNTjQG5EKnX9ovf7wP8CA8CodOrE0kvohlRwp7PGxo3LCceZgMygEzy2raRLa7jBNvamoVqXEoQKGTsxkQV1jH4378cwMQIZM5qf7VVNBQqPSKElqD6BFINfJbw1dUbbn6LROagl.kyB4t2eqOCJd3gHbvB00bSE03U6OOFmLUB00bSMECLxbussF8PzNDuUtYZ1VoH9DKr4beWg0eMHB00bSDg5ZAXs6eE.6TBNVvEplaQQXkIgExG8dfwp106ahHRl60waB00bSvyQn60tqxcC7UYflSt', 'part': '2'}], 'hoster': 'rapidgator', 'hoster_name': 'Rapidgator.net', 'count': 1, 'cnl': {'jk': '6c6e64576a5a435799616143506b4b30', 'crypted': 'gDkdglLN2o+u+AFUGHsxdT2W1jpzt79tKReY1wc3xh91f2Z44+hck+kJXENf/AVsnH5IyVHLOCO3wCEKeqRk9655vpuCblXWKiMyi3pAHH4wEtb0LbvipErjqS3Kyq0zWjp42B0jYpLiPQhGsKZAk5Ijq60Mk6Y/qvX8w8RMD+WKwyYY8t3TDiqwveUBCkLXiEiL73uIB6qpIllJIbc2BpqwDDX+V2lOS59j4y5wBAFt2M+aWyBho1BDHhIaexk+o5IXv8HyY2DHPFwFV5C5T8PHyntICjushWxQ8bVWVe6+TemsnEQINyFAJmxMVR9kmuG1lfq3HeMf48seLkd+1fl1ZRJRWpvvI0ZyvsHzumPYmpuhfmIEKCAeho/5jLy+'}}}}
Bevorzugter Hoster nicht gefunden, suche nach alternativen Hostern...
Error:
<class 'animeloads.ALLinkExtractionException'> anibot.py 783
[ERROR] Fehler beim hinzufügen von Episode 6 von Link Click: Bridon Arc, wird im nächsten Durchlauf erneut versucht. Ist JDownloader gestartet?
[INFO] Link Click: Bridon Arc hat keine neuen Folgen verfügbar
[INFO] Update ani.json
[10:23:46] Prüfe Bleach: Thousand-Year Blood War - The Calamity auf updates
[INFO] Bleach: Thousand-Year Blood War - The Calamity hat keine neuen Folgen verfügbar
[INFO] Update ani.json
[10:23:47] Prüfe Kamui: He’s Behind You auf updates
[INFO] Kamui: He’s Behind You hat keine neuen Folgen verfügbar
[INFO] Update ani.json
Schlafe 600 Sekunden
[10:33:48] Prüfe Link Click: Bridon Arc auf updates
[INFO] Link Click: Bridon Arc hat fehlende Episode(n)
[DOWNLOAD] Lade fehlende Episode 6 von Link Click: Bridon Arc
{'enc': b'WyJtZWRpYSIsInNoaWd1YW5nLWRhaWxpcmVuLXlpbmctZHUtcGlhbiIsImRvd25sb2FkcyIsMiw1XQ==', 'response': 'nocaptcha'}
Starte browser für download link parsing...
creating cookie...
Open anime url: https://www.anime-loads.org/media/shiguang-dailiren-ying-du-pian ...
Parsing download link ...
-----------REQUEST-----------
var xhr = new XMLHttpRequest(); xhr.open('POST', 'https://www.anime-loads.org/ajax/captcha', false); xhr.setRequestHeader('Content-type', 'application/x-www-form-urlencoded'); xhr.send('enc=WyJtZWRpYSIsInNoaWd1YW5nLWRhaWxpcmVuLXlpbmctZHUtcGlhbiIsImRvd25sb2FkcyIsMiw1XQ==&response=nocaptcha'); return xhr.response
-----------------------------
-----------RESPONSE-----------
{"code":"success","message":"Success","info":"downloads","reflink":{"ddownload":"aHR0cHM6Ly9kZG93bmxvYWQuY29tL2ZyZWUzMDM3MzIuaHRtbA==","rapidgator":"aHR0cHM6Ly9yYXBpZGdhdG9yLm5ldC9hY2NvdW50L3JlZ2lzdHJhdGlvbi9yZWYvNTEwMzA2NA==","stream":"13a9ffb35d3b5c4ede249a879ec62599"},"content":{"1":{"links":[{"link":"4y2CDRe4c309bBr705on3QD.0iznw6jx2PqJ6pWcngMlfbLjCeLYHOFl5GwUOVAm3LZDAZnwHzuwNfMs8HHbY..J39dTPjpWKWUFotwPHqL1LpnB00bSETbfB59OwQzlWIfKayEeAyNh8cNeEB8Iffmh0iiwNfMsndo1UnC3mXFSLwJJL4hZ1KoDkYAsz1cnnBAvZyGBttmgLvcyIEfbQrsMqX89ptnyAntunp7TMYsOYvkvkQHsB1VnRYu3KqIKgV7Fk.dH8seH36Tsgx69XP4Fnq7M7zhjMPb3LOYn1fAJDT6gZxB00bSL98ZildtFqsPaLcpV77GmSA5VltnA.ib650aO8QTjhNoOdi6ZzAaYgHdxon1iKpX6URBzG.V29xKRr0rV","part":"1"},{"link":"qXM1IsQFOeUgswXXfftNt1B00bSiJIl2VxZP2LraGXEUnrTn24jW754Y49hEyMwdpSHc8irWsXCtv6uDhwvYpmEZAYaKh8o5WgrNbQbnQMN.NYb7Z4Suho9ck8tWi7idPOL6Edx1JOaqAB00bSGU3dghLyoKKjYu6MPH0S2Lru1mZJxRVxciYk1dlvG9lvnhqaxXCwMbYzhhGOzIv6tnedCxRvODAjKfk4JgU0Vnpq7iyzbc0UpxwowvlrcYFVzBHJsXxXO0NLg4bUeaM3JuEHfaCktQLrg7N9xyoRV8TeL33nitXYfPTU063TodzB00bSCfw74bXOKUGImIrNr.8n.TphlL1xEhQBLbn5Wpz65rEVuC5uIxb.kIHP7x0sJldOjlZC8B00bSnTu5","part":"2"}],"hoster":"rapidgator","hoster_name":"Rapidgator.net","count":1,"cnl":{"jk":"5679324e6c734c3526334e5154494d5a","crypted":"kAlsCU7f\/2AGQYtN8uAxBobgOWmAt3OnUFtDb4FrPhheLTxP9oRY3okbMSuE+SdvHj10SwNhPtxrJmqmg2AkxdWdvWqgu9olevpAAus275SM603lu7\/\/rO6JNYE5AyGcJHi12JY7D09ujU8D2+cQ\/yPlZUpPFUOiVOND4GdvkV0K6qshcUMoiN8LRlddh7AcPn5Po2mO1QyIM4rD94L7TFgbYDQRZ\/Hyk\/Pae5DbpN0GClYcw9c5rqOWvCaX4fF8wMIUCYVZNAwDwke4vYGYAL7DKVlKF7EypvfJszCNjet2Q1R2HQ9gPeMPLF7ElKTVyJ+lpgxksqMiJJiXlqkeCcE+EBkI7VM0MBOy5Qgrhknfe\/EZ832d+YXZPFjX\/\/Lf"}}}}
-----------------------------
{'code': 'success', 'message': 'Success', 'info': 'downloads', 'reflink': {'ddownload': 'aHR0cHM6Ly9kZG93bmxvYWQuY29tL2ZyZWUzMDM3MzIuaHRtbA==', 'rapidgator': 'aHR0cHM6Ly9yYXBpZGdhdG9yLm5ldC9hY2NvdW50L3JlZ2lzdHJhdGlvbi9yZWYvNTEwMzA2NA==', 'stream': '13a9ffb35d3b5c4ede249a879ec62599'}, 'content': {'1': {'links': [{'link': '4y2CDRe4c309bBr705on3QD.0iznw6jx2PqJ6pWcngMlfbLjCeLYHOFl5GwUOVAm3LZDAZnwHzuwNfMs8HHbY..J39dTPjpWKWUFotwPHqL1LpnB00bSETbfB59OwQzlWIfKayEeAyNh8cNeEB8Iffmh0iiwNfMsndo1UnC3mXFSLwJJL4hZ1KoDkYAsz1cnnBAvZyGBttmgLvcyIEfbQrsMqX89ptnyAntunp7TMYsOYvkvkQHsB1VnRYu3KqIKgV7Fk.dH8seH36Tsgx69XP4Fnq7M7zhjMPb3LOYn1fAJDT6gZxB00bSL98ZildtFqsPaLcpV77GmSA5VltnA.ib650aO8QTjhNoOdi6ZzAaYgHdxon1iKpX6URBzG.V29xKRr0rV', 'part': '1'}, {'link': 'qXM1IsQFOeUgswXXfftNt1B00bSiJIl2VxZP2LraGXEUnrTn24jW754Y49hEyMwdpSHc8irWsXCtv6uDhwvYpmEZAYaKh8o5WgrNbQbnQMN.NYb7Z4Suho9ck8tWi7idPOL6Edx1JOaqAB00bSGU3dghLyoKKjYu6MPH0S2Lru1mZJxRVxciYk1dlvG9lvnhqaxXCwMbYzhhGOzIv6tnedCxRvODAjKfk4JgU0Vnpq7iyzbc0UpxwowvlrcYFVzBHJsXxXO0NLg4bUeaM3JuEHfaCktQLrg7N9xyoRV8TeL33nitXYfPTU063TodzB00bSCfw74bXOKUGImIrNr.8n.TphlL1xEhQBLbn5Wpz65rEVuC5uIxb.kIHP7x0sJldOjlZC8B00bSnTu5', 'part': '2'}], 'hoster': 'rapidgator', 'hoster_name': 'Rapidgator.net', 'count': 1, 'cnl': {'jk': '5679324e6c734c3526334e5154494d5a', 'crypted': 'kAlsCU7f/2AGQYtN8uAxBobgOWmAt3OnUFtDb4FrPhheLTxP9oRY3okbMSuE+SdvHj10SwNhPtxrJmqmg2AkxdWdvWqgu9olevpAAus275SM603lu7//rO6JNYE5AyGcJHi12JY7D09ujU8D2+cQ/yPlZUpPFUOiVOND4GdvkV0K6qshcUMoiN8LRlddh7AcPn5Po2mO1QyIM4rD94L7TFgbYDQRZ/Hyk/Pae5DbpN0GClYcw9c5rqOWvCaX4fF8wMIUCYVZNAwDwke4vYGYAL7DKVlKF7EypvfJszCNjet2Q1R2HQ9gPeMPLF7ElKTVyJ+lpgxksqMiJJiXlqkeCcE+EBkI7VM0MBOy5Qgrhknfe/EZ832d+YXZPFjX//Lf'}}}}
Bevorzugter Hoster nicht gefunden, suche nach alternativen Hostern...
Error:
<class 'animeloads.ALLinkExtractionException'> anibot.py 783
[ERROR] Fehler beim hinzufügen von Episode 6 von Link Click: Bridon Arc, wird im nächsten Durchlauf erneut versucht. Ist JDownloader gestartet?
[INFO] Link Click: Bridon Arc hat keine neuen Folgen verfügbar
[INFO] Update ani.json
[10:34:37] Prüfe Bleach: Thousand-Year Blood War - The Calamity auf updates
[INFO] Bleach: Thousand-Year Blood War - The Calamity hat keine neuen Folgen verfügbar
[INFO] Update ani.json
[10:34:37] Prüfe Kamui: He’s Behind You auf updates
[INFO] Kamui: He’s Behind You hat keine neuen Folgen verfügbar
[INFO] Update ani.json
Schlafe 600 Sekunden
[10:44:38] Prüfe Link Click: Bridon Arc auf updates
[INFO] Link Click: Bridon Arc hat fehlende Episode(n)
[DOWNLOAD] Lade fehlende Episode 6 von Link Click: Bridon Arc
{'enc': b'WyJtZWRpYSIsInNoaWd1YW5nLWRhaWxpcmVuLXlpbmctZHUtcGlhbiIsImRvd25sb2FkcyIsMiw1XQ==', 'response': 'nocaptcha'}
Starte browser für download link parsing...
creating cookie...
Open anime url: https://www.anime-loads.org/media/shiguang-dailiren-ying-du-pian ...
Parsing download link ...
-----------REQUEST-----------
var xhr = new XMLHttpRequest(); xhr.open('POST', 'https://www.anime-loads.org/ajax/captcha', false); xhr.setRequestHeader('Content-type', 'application/x-www-form-urlencoded'); xhr.send('enc=WyJtZWRpYSIsInNoaWd1YW5nLWRhaWxpcmVuLXlpbmctZHUtcGlhbiIsImRvd25sb2FkcyIsMiw1XQ==&response=nocaptcha'); return xhr.response
-----------------------------
-----------RESPONSE-----------
{"code":"success","message":"Success","info":"downloads","reflink":{"ddownload":"aHR0cHM6Ly9kZG93bmxvYWQuY29tL2ZyZWUzMDM3MzIuaHRtbA==","rapidgator":"aHR0cHM6Ly9yYXBpZGdhdG9yLm5ldC9hY2NvdW50L3JlZ2lzdHJhdGlvbi9yZWYvNTEwMzA2NA==","stream":"13a9ffb35d3b5c4ede249a879ec62599"},"content":{"1":{"links":[{"link":"GCPWj2yPYPx5vypOulnghHOuXcOusvD.dcWUBasNjLYELc5zoDrrtl5k32YP0MDvn8ZlaC6pXhKhTwiIbSuCqhsh.YQSoEgFe.1ttDQVE5.4lkAOLcwqtI.0oG9TTr.txcG64jfXQ0.PHfUsdmT9Vlc3lPlleqG293GoH9N.kUf9Yf8wjuUzcrDl0sNqdfB00bS2hFWDWgdknlXYD7YOGPdTSB00bSwvHG09kOuUfLaYRRBTNRRxvTayq4SZoZYacB00bS8UvcP3CSqJ4uAQ8HxaVdGZKRZn40B00bSWgATSG3.CVDt2IFgZa7CWvU2B00bS.cchAP0tDUQDpaLU0w.gnvGbBbm8WOMH9RkNc9820ssENqmRiNNjVfCJ1ovKDBEIPze1OpxoDu7tqaid","part":"1"},{"link":"Vm01jYgOTyjW81oMgf1zaHtIGB00bS1pnB00bS.sWLPvjM5fBfYy3QiB0u6ieNGebqySKiZAZP6DBb3kU2yL6whs4EdxUCU0fSY.1xlVqmEJ4ZHlFiiVJ69joqwVPXecScmWDGVGvjInKHkUoX2fOLfL3Ow8M9d2QyXZAEfE0DCh6cnbdvwkAyzNEuSC8sb0U18beFsHktzYMceTKGPgJyyU7Cqs8rKbgZro0B00bSev.fZeRsEJRXnYlr9Liia8YnJB00bSoqPUA8o8dQZEPBRmTB00bSpktpOJxCCrVG3.cgdR25Vi6TAn5fGIoJOmBMweki6WP4FPVAOZh8gsUMSdXOzQUHLWcvEvZ9HB00bS8Kb1WsEoPC0eANvtLw4or0ksra8mjfQZsgS10UBs0XID","part":"2"}],"hoster":"rapidgator","hoster_name":"Rapidgator.net","count":1,"cnl":{"jk":"57726c4251756135463542485778714b","crypted":"lm2m20KRauScqJ1\/RI5\/qJ4o6KF8Hz1qGSRUMIfkKXNloZ29WEmJVmL9NaD1pHXAalrNzOa2TQr+Ba9S8A6wa7jgTGyftjgooexkssISSVs3ss62iGM6Q\/c2d+FahJJDD4DPUHd3DB3ueZmEDehsX+UB0VPjMXO5lI62VH1tm0xXhcnzQ9bdi6JH9hvdgXWTmgpadTXK8jSJ6faQ6zhC6UhSGMy47fKV\/v+2x2oddlSjmeNq3xmH0bb6fMUDV5KjpQpN4QdDKlHxURDzITZJdIEPGsgvzlXK7+m5cvsKwD5LR86L\/QzvXOtf0uzmK1zasGIIqDtnj3HD0ULvaxeYMIruer3U7yXzKMbyiv27J4WfonMxvF3wZ3Q+qPNrR2aX"}}}}
-----------------------------
{'code': 'success', 'message': 'Success', 'info': 'downloads', 'reflink': {'ddownload': 'aHR0cHM6Ly9kZG93bmxvYWQuY29tL2ZyZWUzMDM3MzIuaHRtbA==', 'rapidgator': 'aHR0cHM6Ly9yYXBpZGdhdG9yLm5ldC9hY2NvdW50L3JlZ2lzdHJhdGlvbi9yZWYvNTEwMzA2NA==', 'stream': '13a9ffb35d3b5c4ede249a879ec62599'}, 'content': {'1': {'links': [{'link': 'GCPWj2yPYPx5vypOulnghHOuXcOusvD.dcWUBasNjLYELc5zoDrrtl5k32YP0MDvn8ZlaC6pXhKhTwiIbSuCqhsh.YQSoEgFe.1ttDQVE5.4lkAOLcwqtI.0oG9TTr.txcG64jfXQ0.PHfUsdmT9Vlc3lPlleqG293GoH9N.kUf9Yf8wjuUzcrDl0sNqdfB00bS2hFWDWgdknlXYD7YOGPdTSB00bSwvHG09kOuUfLaYRRBTNRRxvTayq4SZoZYacB00bS8UvcP3CSqJ4uAQ8HxaVdGZKRZn40B00bSWgATSG3.CVDt2IFgZa7CWvU2B00bS.cchAP0tDUQDpaLU0w.gnvGbBbm8WOMH9RkNc9820ssENqmRiNNjVfCJ1ovKDBEIPze1OpxoDu7tqaid', 'part': '1'}, {'link': 'Vm01jYgOTyjW81oMgf1zaHtIGB00bS1pnB00bS.sWLPvjM5fBfYy3QiB0u6ieNGebqySKiZAZP6DBb3kU2yL6whs4EdxUCU0fSY.1xlVqmEJ4ZHlFiiVJ69joqwVPXecScmWDGVGvjInKHkUoX2fOLfL3Ow8M9d2QyXZAEfE0DCh6cnbdvwkAyzNEuSC8sb0U18beFsHktzYMceTKGPgJyyU7Cqs8rKbgZro0B00bSev.fZeRsEJRXnYlr9Liia8YnJB00bSoqPUA8o8dQZEPBRmTB00bSpktpOJxCCrVG3.cgdR25Vi6TAn5fGIoJOmBMweki6WP4FPVAOZh8gsUMSdXOzQUHLWcvEvZ9HB00bS8Kb1WsEoPC0eANvtLw4or0ksra8mjfQZsgS10UBs0XID', 'part': '2'}], 'hoster': 'rapidgator', 'hoster_name': 'Rapidgator.net', 'count': 1, 'cnl': {'jk': '57726c4251756135463542485778714b', 'crypted': 'lm2m20KRauScqJ1/RI5/qJ4o6KF8Hz1qGSRUMIfkKXNloZ29WEmJVmL9NaD1pHXAalrNzOa2TQr+Ba9S8A6wa7jgTGyftjgooexkssISSVs3ss62iGM6Q/c2d+FahJJDD4DPUHd3DB3ueZmEDehsX+UB0VPjMXO5lI62VH1tm0xXhcnzQ9bdi6JH9hvdgXWTmgpadTXK8jSJ6faQ6zhC6UhSGMy47fKV/v+2x2oddlSjmeNq3xmH0bb6fMUDV5KjpQpN4QdDKlHxURDzITZJdIEPGsgvzlXK7+m5cvsKwD5LR86L/QzvXOtf0uzmK1zasGIIqDtnj3HD0ULvaxeYMIruer3U7yXzKMbyiv27J4WfonMxvF3wZ3Q+qPNrR2aX'}}}}
Bevorzugter Hoster nicht gefunden, suche nach alternativen Hostern...
Error:
<class 'animeloads.ALLinkExtractionException'> anibot.py 783
[ERROR] Fehler beim hinzufügen von Episode 6 von Link Click: Bridon Arc, wird im nächsten Durchlauf erneut versucht. Ist JDownloader gestartet?
[INFO] Link Click: Bridon Arc hat keine neuen Folgen verfügbar
[INFO] Update ani.json
[10:45:20] Prüfe Bleach: Thousand-Year Blood War - The Calamity auf updates
[INFO] Bleach: Thousand-Year Blood War - The Calamity hat keine neuen Folgen verfügbar
[INFO] Update ani.json
[10:45:21] Prüfe Kamui: He’s Behind You auf updates
[INFO] Kamui: He’s Behind You hat keine neuen Folgen verfügbar
[INFO] Update ani.json
Schlafe 600 Sekunden
[10:55:22] Prüfe Bleach: Thousand-Year Blood War - The Calamity auf updates
[INFO] Bleach: Thousand-Year Blood War - The Calamity hat keine neuen Folgen verfügbar
[INFO] Update ani.json
[10:55:23] Prüfe Kamui: He’s Behind You auf updates
[INFO] Kamui: He’s Behind You hat keine neuen Folgen verfügbar
[INFO] Update ani.json
Schlafe 600 Sekunden
[11:05:24] Prüfe Bleach: Thousand-Year Blood War - The Calamity auf updates
[INFO] Bleach: Thousand-Year Blood War - The Calamity hat keine neuen Folgen verfügbar
[INFO] Update ani.json
[11:05:25] Prüfe Kamui: He’s Behind You auf updates
[INFO] Kamui: He’s Behind You hat keine neuen Folgen verfügbar
[INFO] Update ani.json
Schlafe 600 Sekunden
